Archive member included to satisfy reference by file (symbol)

C:/ST/STM32CubeCLT_1.18.0/GNU-tools-for-STM32/bin/../lib/gcc/arm-none-eabi/13.3.1/../../../../arm-none-eabi/lib/thumb/v7-m/nofp\libc_nano.a(libc_a-exit.o)
                              C:/ST/STM32CubeCLT_1.18.0/GNU-tools-for-STM32/bin/../lib/gcc/arm-none-eabi/13.3.1/../../../../arm-none-eabi/lib/thumb/v7-m/nofp/crt0.o (exit)
C:/ST/STM32CubeCLT_1.18.0/GNU-tools-for-STM32/bin/../lib/gcc/arm-none-eabi/13.3.1/../../../../arm-none-eabi/lib/thumb/v7-m/nofp\libc_nano.a(libc_a-findfp.o)
                              C:/ST/STM32CubeCLT_1.18.0/GNU-tools-for-STM32/bin/../lib/gcc/arm-none-eabi/13.3.1/../../../../arm-none-eabi/lib/thumb/v7-m/nofp\libc_nano.a(libc_a-exit.o) (__stdio_exit_handler)
C:/ST/STM32CubeCLT_1.18.0/GNU-tools-for-STM32/bin/../lib/gcc/arm-none-eabi/13.3.1/../../../../arm-none-eabi/lib/thumb/v7-m/nofp\libc_nano.a(libc_a-fwalk.o)
                              C:/ST/STM32CubeCLT_1.18.0/GNU-tools-for-STM32/bin/../lib/gcc/arm-none-eabi/13.3.1/../../../../arm-none-eabi/lib/thumb/v7-m/nofp\libc_nano.a(libc_a-findfp.o) (_fwalk_sglue)
C:/ST/STM32CubeCLT_1.18.0/GNU-tools-for-STM32/bin/../lib/gcc/arm-none-eabi/13.3.1/../../../../arm-none-eabi/lib/thumb/v7-m/nofp\libc_nano.a(libc_a-stdio.o)
                              C:/ST/STM32CubeCLT_1.18.0/GNU-tools-for-STM32/bin/../lib/gcc/arm-none-eabi/13.3.1/../../../../arm-none-eabi/lib/thumb/v7-m/nofp\libc_nano.a(libc_a-findfp.o) (__sread)
C:/ST/STM32CubeCLT_1.18.0/GNU-tools-for-STM32/bin/../lib/gcc/arm-none-eabi/13.3.1/../../../../arm-none-eabi/lib/thumb/v7-m/nofp\libc_nano.a(libc_a-memset.o)
                              C:/ST/STM32CubeCLT_1.18.0/GNU-tools-for-STM32/bin/../lib/gcc/arm-none-eabi/13.3.1/../../../../arm-none-eabi/lib/thumb/v7-m/nofp/crt0.o (memset)
C:/ST/STM32CubeCLT_1.18.0/GNU-tools-for-STM32/bin/../lib/gcc/arm-none-eabi/13.3.1/../../../../arm-none-eabi/lib/thumb/v7-m/nofp\libc_nano.a(libc_a-closer.o)
                              C:/ST/STM32CubeCLT_1.18.0/GNU-tools-for-STM32/bin/../lib/gcc/arm-none-eabi/13.3.1/../../../../arm-none-eabi/lib/thumb/v7-m/nofp\libc_nano.a(libc_a-stdio.o) (_close_r)
C:/ST/STM32CubeCLT_1.18.0/GNU-tools-for-STM32/bin/../lib/gcc/arm-none-eabi/13.3.1/../../../../arm-none-eabi/lib/thumb/v7-m/nofp\libc_nano.a(libc_a-reent.o)
                              C:/ST/STM32CubeCLT_1.18.0/GNU-tools-for-STM32/bin/../lib/gcc/arm-none-eabi/13.3.1/../../../../arm-none-eabi/lib/thumb/v7-m/nofp\libc_nano.a(libc_a-closer.o) (errno)
C:/ST/STM32CubeCLT_1.18.0/GNU-tools-for-STM32/bin/../lib/gcc/arm-none-eabi/13.3.1/../../../../arm-none-eabi/lib/thumb/v7-m/nofp\libc_nano.a(libc_a-impure.o)
                              C:/ST/STM32CubeCLT_1.18.0/GNU-tools-for-STM32/bin/../lib/gcc/arm-none-eabi/13.3.1/../../../../arm-none-eabi/lib/thumb/v7-m/nofp\libc_nano.a(libc_a-reent.o) (_impure_ptr)
C:/ST/STM32CubeCLT_1.18.0/GNU-tools-for-STM32/bin/../lib/gcc/arm-none-eabi/13.3.1/../../../../arm-none-eabi/lib/thumb/v7-m/nofp\libc_nano.a(libc_a-lseekr.o)
                              C:/ST/STM32CubeCLT_1.18.0/GNU-tools-for-STM32/bin/../lib/gcc/arm-none-eabi/13.3.1/../../../../arm-none-eabi/lib/thumb/v7-m/nofp\libc_nano.a(libc_a-stdio.o) (_lseek_r)
C:/ST/STM32CubeCLT_1.18.0/GNU-tools-for-STM32/bin/../lib/gcc/arm-none-eabi/13.3.1/../../../../arm-none-eabi/lib/thumb/v7-m/nofp\libc_nano.a(libc_a-readr.o)
                              C:/ST/STM32CubeCLT_1.18.0/GNU-tools-for-STM32/bin/../lib/gcc/arm-none-eabi/13.3.1/../../../../arm-none-eabi/lib/thumb/v7-m/nofp\libc_nano.a(libc_a-stdio.o) (_read_r)
C:/ST/STM32CubeCLT_1.18.0/GNU-tools-for-STM32/bin/../lib/gcc/arm-none-eabi/13.3.1/../../../../arm-none-eabi/lib/thumb/v7-m/nofp\libc_nano.a(libc_a-writer.o)
                              C:/ST/STM32CubeCLT_1.18.0/GNU-tools-for-STM32/bin/../lib/gcc/arm-none-eabi/13.3.1/../../../../arm-none-eabi/lib/thumb/v7-m/nofp\libc_nano.a(libc_a-stdio.o) (_write_r)
C:/ST/STM32CubeCLT_1.18.0/GNU-tools-for-STM32/bin/../lib/gcc/arm-none-eabi/13.3.1/../../../../arm-none-eabi/lib/thumb/v7-m/nofp\libc_nano.a(libc_a-init.o)
                              C:/ST/STM32CubeCLT_1.18.0/GNU-tools-for-STM32/bin/../lib/gcc/arm-none-eabi/13.3.1/../../../../arm-none-eabi/lib/thumb/v7-m/nofp/crt0.o (__libc_init_array)
C:/ST/STM32CubeCLT_1.18.0/GNU-tools-for-STM32/bin/../lib/gcc/arm-none-eabi/13.3.1/../../../../arm-none-eabi/lib/thumb/v7-m/nofp\libc_nano.a(libc_a-lock.o)
                              C:/ST/STM32CubeCLT_1.18.0/GNU-tools-for-STM32/bin/../lib/gcc/arm-none-eabi/13.3.1/../../../../arm-none-eabi/lib/thumb/v7-m/nofp\libc_nano.a(libc_a-findfp.o) (__retarget_lock_init_recursive)
C:/ST/STM32CubeCLT_1.18.0/GNU-tools-for-STM32/bin/../lib/gcc/arm-none-eabi/13.3.1/../../../../arm-none-eabi/lib/thumb/v7-m/nofp\libc_nano.a(libc_a-freer.o)
                              C:/ST/STM32CubeCLT_1.18.0/GNU-tools-for-STM32/bin/../lib/gcc/arm-none-eabi/13.3.1/../../../../arm-none-eabi/lib/thumb/v7-m/nofp\libc_nano.a(libc_a-reent.o) (_free_r)
[...]
Memory Configuration

Name             Origin             Length             Attributes
RAM              0x20000000         0x00005000         xrw
FLASH            0x08000000         0x00010000         xr
*default*        0x00000000         0xffffffff

Linker script and memory map

LOAD C:/ST/STM32CubeCLT_1.18.0/GNU-tools-for-STM32/bin/../lib/gcc/arm-none-eabi/13.3.1/thumb/v7-m/nofp/crti.o
LOAD C:/ST/STM32CubeCLT_1.18.0/GNU-tools-for-STM32/bin/../lib/gcc/arm-none-eabi/13.3.1/thumb/v7-m/nofp/crtbegin.o
LOAD C:/ST/STM32CubeCLT_1.18.0/GNU-tools-for-STM32/bin/../lib/gcc/arm-none-eabi/13.3.1/../../../../arm-none-eabi/lib/thumb/v7-m/nofp/crt0.o
START GROUP
LOAD C:/ST/STM32CubeCLT_1.18.0/GNU-tools-for-STM32/bin/../lib/gcc/arm-none-eabi/13.3.1/../../../../arm-none-eabi/lib/thumb/v7-m/nofp\libc_nano.a
LOAD C:/ST/STM32CubeCLT_1.18.0/GNU-tools-for-STM32/bin/../lib/gcc/arm-none-eabi/13.3.1/../../../../arm-none-eabi/lib/thumb/v7-m/nofp\libm.a
END GROUP
LOAD cmake/stm32cubemx/CMakeFiles/STM32_Drivers.dir/__/__/Core/Src/system_stm32f1xx.c.obj
LOAD cmake/stm32cubemx/CMakeFiles/STM32_Drivers.dir/__/__/Drivers/STM32F1xx_HAL_Driver/Src/stm32f1xx_hal_gpio_ex.c.obj
LOAD cmake/stm32cubemx/CMakeFiles/STM32_Drivers.dir/__/__/Drivers/STM32F1xx_HAL_Driver/Src/stm32f1xx_hal.c.obj
LOAD cmake/stm32cubemx/CMakeFiles/STM32_Drivers.dir/__/__/Drivers/STM32F1xx_HAL_Driver/Src/stm32f1xx_hal_rcc.c.obj
LOAD cmake/stm32cubemx/CMakeFiles/STM32_Drivers.dir/__/__/Drivers/STM32F1xx_HAL_Driver/Src/stm32f1xx_hal_rcc_ex.c.obj
LOAD cmake/stm32cubemx/CMakeFiles/STM32_Drivers.dir/__/__/Drivers/STM32F1xx_HAL_Driver/Src/stm32f1xx_hal_gpio.c.obj
LOAD cmake/stm32cubemx/CMakeFiles/STM32_Drivers.dir/__/__/Drivers/STM32F1xx_HAL_Driver/Src/stm32f1xx_hal_dma.c.obj
LOAD cmake/stm32cubemx/CMakeFiles/STM32_Drivers.dir/__/__/Drivers/STM32F1xx_HAL_Driver/Src/stm32f1xx_hal_cortex.c.obj
LOAD cmake/stm32cubemx/CMakeFiles/STM32_Drivers.dir/__/__/Drivers/STM32F1xx_HAL_Driver/Src/stm32f1xx_hal_pwr.c.obj
LOAD cmake/stm32cubemx/CMakeFiles/STM32_Drivers.dir/__/__/Drivers/STM32F1xx_HAL_Driver/Src/stm32f1xx_hal_flash.c.obj
LOAD cmake/stm32cubemx/CMakeFiles/STM32_Drivers.dir/__/__/Drivers/STM32F1xx_HAL_Driver/Src/stm32f1xx_hal_flash_ex.c.obj
LOAD cmake/stm32cubemx/CMakeFiles/STM32_Drivers.dir/__/__/Drivers/STM32F1xx_HAL_Driver/Src/stm32f1xx_hal_exti.c.obj
LOAD CMakeFiles/SNAKE.dir/Core/Src/main.c.obj
LOAD CMakeFiles/SNAKE.dir/Core/Src/stm32f1xx_it.c.obj
LOAD CMakeFiles/SNAKE.dir/Core/Src/stm32f1xx_hal_msp.c.obj
LOAD CMakeFiles/SNAKE.dir/Core/Src/sysmem.c.obj
LOAD CMakeFiles/SNAKE.dir/Core/Src/syscalls.c.obj
LOAD CMakeFiles/SNAKE.dir/startup_stm32f103xb.s.obj
LOAD CMakeFiles/SNAKE.dir/Core/LIB/TFT.c.obj
LOAD CMakeFiles/SNAKE.dir/Core/LIB/FONT.c.obj
LOAD CMakeFiles/SNAKE.dir/Core/DRIVER/RCC.c.obj
LOAD CMakeFiles/SNAKE.dir/Core/DRIVER/GPIO.c.obj
LOAD CMakeFiles/SNAKE.dir/Core/DRIVER/TIM.c.obj
LOAD CMakeFiles/SNAKE.dir/Core/DRIVER/SPI.c.obj
LOAD CMakeFiles/SNAKE.dir/Core/freertos/croutine.c.obj
LOAD CMakeFiles/SNAKE.dir/Core/freertos/tasks.c.obj
LOAD CMakeFiles/SNAKE.dir/Core/freertos/list.c.obj
LOAD CMakeFiles/SNAKE.dir/Core/freertos/port.c.obj
LOAD CMakeFiles/SNAKE.dir/Core/freertos/event_groups.c.obj
LOAD CMakeFiles/SNAKE.dir/Core/freertos/heap_4.c.obj
LOAD CMakeFiles/SNAKE.dir/Core/freertos/queue.c.obj
START GROUP
LOAD C:/ST/STM32CubeCLT_1.18.0/GNU-tools-for-STM32/bin/../lib/gcc/arm-none-eabi/13.3.1/thumb/v7-m/nofp\libgcc.a
LOAD C:/ST/STM32CubeCLT_1.18.0/GNU-tools-for-STM32/bin/../lib/gcc/arm-none-eabi/13.3.1/../../../../arm-none-eabi/lib/thumb/v7-m/nofp\libg_nano.a
LOAD C:/ST/STM32CubeCLT_1.18.0/GNU-tools-for-STM32/bin/../lib/gcc/arm-none-eabi/13.3.1/../../../../arm-none-eabi/lib/thumb/v7-m/nofp\libc_nano.a
END GROUP
START GROUP
LOAD C:/ST/STM32CubeCLT_1.18.0/GNU-tools-for-STM32/bin/../lib/gcc/arm-none-eabi/13.3.1/thumb/v7-m/nofp\libgcc.a
LOAD C:/ST/STM32CubeCLT_1.18.0/GNU-tools-for-STM32/bin/../lib/gcc/arm-none-eabi/13.3.1/../../../../arm-none-eabi/lib/thumb/v7-m/nofp\libc_nano.a
END GROUP
LOAD C:/ST/STM32CubeCLT_1.18.0/GNU-tools-for-STM32/bin/../lib/gcc/arm-none-eabi/13.3.1/thumb/v7-m/nofp/crtend.o
LOAD C:/ST/STM32CubeCLT_1.18.0/GNU-tools-for-STM32/bin/../lib/gcc/arm-none-eabi/13.3.1/thumb/v7-m/nofp/crtn.o
                0x20005000                        _estack = (ORIGIN (RAM) + LENGTH (RAM))
                0x00000200                        _Min_Heap_Size = 0x200
                0x00000400                        _Min_Stack_Size = 0x400

.isr_vector     0x08000000      0x10c
                0x08000000                        . = ALIGN (0x4)
 *(.isr_vector)
 .isr_vector    0x08000000      0x10c CMakeFiles/SNAKE.dir/startup_stm32f103xb.s.obj
                0x08000000                g_pfnVectors
                0x0800010c                        . = ALIGN (0x4)

.text           0x08000110     0x3c84
                0x08000110                        . = ALIGN (0x4)
 *(.text)
 .text          0x08000110       0x40 C:/ST/STM32CubeCLT_1.18.0/GNU-tools-for-STM32/bin/../lib/gcc/arm-none-eabi/13.3.1/thumb/v7-m/nofp/crtbegin.o
 *(.text*)
 .text.std      0x08000150       0x6c C:/ST/STM32CubeCLT_1.18.0/GNU-tools-for-STM32/bin/../lib/gcc/arm-none-eabi/13.3.1/../../../../arm-none-eabi/lib/thumb/v7-m/nofp\libc_nano.a(libc_a-findfp.o)
 .text.stdio_exit_handler
                0x080001bc       0x18 C:/ST/STM32CubeCLT_1.18.0/GNU-tools-for-STM32/bin/../lib/gcc/arm-none-eabi/13.3.1/../../../../arm-none-eabi/lib/thumb/v7-m/nofp\libc_nano.a(libc_a-findfp.o)
 .text.cleanup_stdio
                0x080001d4       0x40 C:/ST/STM32CubeCLT_1.18.0/GNU-tools-for-STM32/bin/../lib/gcc/arm-none-eabi/13.3.1/../../../../arm-none-eabi/lib/thumb/v7-m/nofp\libc_nano.a(libc_a-findfp.o)
 .text.global_stdio_init.part.0
                0x08000214       0x3c C:/ST/STM32CubeCLT_1.18.0/GNU-tools-for-STM32/bin/../lib/gcc/arm-none-eabi/13.3.1/../../../../arm-none-eabi/lib/thumb/v7-m/nofp\libc_nano.a(libc_a-findfp.o)
 .text.__sfp_lock_acquire
                0x08000250        0xc C:/ST/STM32CubeCLT_1.18.0/GNU-tools-for-STM32/bin/../lib/gcc/arm-none-eabi/13.3.1/../../../../arm-none-eabi/lib/thumb/v7-m/nofp\libc_nano.a(libc_a-findfp.o)
                0x08000250                __sfp_lock_acquire
 .text.__sfp_lock_release
                0x0800025c        0xc C:/ST/STM32CubeCLT_1.18.0/GNU-tools-for-STM32/bin/../lib/gcc/arm-none-eabi/13.3.1/../../../../arm-none-eabi/lib/thumb/v7-m/nofp\libc_nano.a(libc_a-findfp.o)
                0x0800025c                __sfp_lock_release
 .text.__sinit  0x08000268       0x30 C:/ST/STM32CubeCLT_1.18.0/GNU-tools-for-STM32/bin/../lib/gcc/arm-none-eabi/13.3.1/../../../../arm-none-eabi/lib/thumb/v7-m/nofp\libc_nano.a(libc_a-findfp.o)
                0x08000268                __sinit
 .text._fwalk_sglue
                0x08000298       0x3c C:/ST/STM32CubeCLT_1.18.0/GNU-tools-for-STM32/bin/../lib/gcc/arm-none-eabi/13.3.1/../../../../arm-none-eabi/lib/thumb/v7-m/nofp\libc_nano.a(libc_a-fwalk.o)
                0x08000298                _fwalk_sglue
 .text.__sread  0x080002d4       0x22 C:/ST/STM32CubeCLT_1.18.0/GNU-tools-for-STM32/bin/../lib/gcc/arm-none-eabi/13.3.1/../../../../arm-none-eabi/lib/thumb/v7-m/nofp\libc_nano.a(libc_a-stdio.o)
                0x080002d4                __sread
 .text.__swrite
                0x080002f6       0x38 C:/ST/STM32CubeCLT_1.18.0/GNU-tools-for-STM32/bin/../lib/gcc/arm-none-eabi/13.3.1/../../../../arm-none-eabi/lib/thumb/v7-m/nofp\libc_nano.a(libc_a-stdio.o)
                0x080002f6                __swrite
 .text.__sseek  0x0800032e       0x24 C:/ST/STM32CubeCLT_1.18.0/GNU-tools-for-STM32/bin/../lib/gcc/arm-none-eabi/13.3.1/../../../../arm-none-eabi/lib/thumb/v7-m/nofp\libc_nano.a(libc_a-stdio.o)
                0x0800032e                __sseek
 .text.__sclose
                0x08000352        0x8 C:/ST/STM32CubeCLT_1.18.0/GNU-tools-for-STM32/bin/../lib/gcc/arm-none-eabi/13.3.1/../../../../arm-none-eabi/lib/thumb/v7-m/nofp\libc_nano.a(libc_a-stdio.o)
                0x08000352                __sclose
 .text.memset   0x0800035a       0x10 C:/ST/STM32CubeCLT_1.18.0/GNU-tools-for-STM32/bin/../lib/gcc/arm-none-eabi/13.3.1/../../../../arm-none-eabi/lib/thumb/v7-m/nofp\libc_nano.a(libc_a-memset.o)
                0x0800035a                memset
 *fill*         0x0800036a        0x2 
 .text._close_r
                0x0800036c       0x20 C:/ST/STM32CubeCLT_1.18.0/GNU-tools-for-STM32/bin/../lib/gcc/arm-none-eabi/13.3.1/../../../../arm-none-eabi/lib/thumb/v7-m/nofp\libc_nano.a(libc_a-closer.o)
                0x0800036c                _close_r
 .text._lseek_r
                0x0800038c       0x24 C:/ST/STM32CubeCLT_1.18.0/GNU-tools-for-STM32/bin/../lib/gcc/arm-none-eabi/13.3.1/../../../../arm-none-eabi/lib/thumb/v7-m/nofp\libc_nano.a(libc_a-lseekr.o)
                0x0800038c                _lseek_r
 .text._read_r  0x080003b0       0x24 C:/ST/STM32CubeCLT_1.18.0/GNU-tools-for-STM32/bin/../lib/gcc/arm-none-eabi/13.3.1/../../../../arm-none-eabi/lib/thumb/v7-m/nofp\libc_nano.a(libc_a-readr.o)
                0x080003b0                _read_r
 .text._write_r
                0x080003d4       0x24 C:/ST/STM32CubeCLT_1.18.0/GNU-tools-for-STM32/bin/../lib/gcc/arm-none-eabi/13.3.1/../../../../arm-none-eabi/lib/thumb/v7-m/nofp\libc_nano.a(libc_a-writer.o)
                0x080003d4                _write_r
 .text.__libc_init_array
                0x080003f8       0x48 C:/ST/STM32CubeCLT_1.18.0/GNU-tools-for-STM32/bin/../lib/gcc/arm-none-eabi/13.3.1/../../../../arm-none-eabi/lib/thumb/v7-m/nofp\libc_nano.a(libc_a-init.o)
                0x080003f8                __libc_init_array
 .text.__retarget_lock_init_recursive
                0x08000440        0x2 C:/ST/STM32CubeCLT_1.18.0/GNU-tools-for-STM32/bin/../lib/gcc/arm-none-eabi/13.3.1/../../../../arm-none-eabi/lib/thumb/v7-m/nofp\libc_nano.a(libc_a-lock.o)
                0x08000440                __retarget_lock_init_recursive
 .text.__retarget_lock_acquire_recursive
                0x08000442        0x2 C:/ST/STM32CubeCLT_1.18.0/GNU-tools-for-STM32/bin/../lib/gcc/arm-none-eabi/13.3.1/../../../../arm-none-eabi/lib/thumb/v7-m/nofp\libc_nano.a(libc_a-lock.o)
                0x08000442                __retarget_lock_acquire_recursive
 .text.__retarget_lock_release_recursive
                0x08000444        0x2 C:/ST/STM32CubeCLT_1.18.0/GNU-tools-for-STM32/bin/../lib/gcc/arm-none-eabi/13.3.1/../../../../arm-none-eabi/lib/thumb/v7-m/nofp\libc_nano.a(libc_a-lock.o)
                0x08000444                __retarget_lock_release_recursive
 *fill*         0x08000446        0x2 
 .text._free_r  0x08000448       0x90 C:/ST/STM32CubeCLT_1.18.0/GNU-tools-for-STM32/bin/../lib/gcc/arm-none-eabi/13.3.1/../../../../arm-none-eabi/lib/thumb/v7-m/nofp\libc_nano.a(libc_a-freer.o)
                0x08000448                _free_r
 .text.sbrk_aligned
                0x080004d8       0x44 C:/ST/STM32CubeCLT_1.18.0/GNU-tools-for-STM32/bin/../lib/gcc/arm-none-eabi/13.3.1/../../../../arm-none-eabi/lib/thumb/v7-m/nofp\libc_nano.a(libc_a-mallocr.o)
 .text._malloc_r
                0x0800051c      0x100 C:/ST/STM32CubeCLT_1.18.0/GNU-tools-for-STM32/bin/../lib/gcc/arm-none-eabi/13.3.1/../../../../arm-none-eabi/lib/thumb/v7-m/nofp\libc_nano.a(libc_a-mallocr.o)
                0x0800051c                _malloc_r
 .text.__malloc_lock
                0x0800061c        0xc C:/ST/STM32CubeCLT_1.18.0/GNU-tools-for-STM32/bin/../lib/gcc/arm-none-eabi/13.3.1/../../../../arm-none-eabi/lib/thumb/v7-m/nofp\libc_nano.a(libc_a-mlock.o)
                0x0800061c                __malloc_lock
 .text.__malloc_unlock
                0x08000628        0xc C:/ST/STM32CubeCLT_1.18.0/GNU-tools-for-STM32/bin/../lib/gcc/arm-none-eabi/13.3.1/../../../../arm-none-eabi/lib/thumb/v7-m/nofp\libc_nano.a(libc_a-mlock.o)
                0x08000628                __malloc_unlock
 .text.__sflush_r
                0x08000634      0x100 C:/ST/STM32CubeCLT_1.18.0/GNU-tools-for-STM32/bin/../lib/gcc/arm-none-eabi/13.3.1/../../../../arm-none-eabi/lib/thumb/v7-m/nofp\libc_nano.a(libc_a-fflush.o)
                0x08000634                __sflush_r
 .text._fflush_r
                0x08000734       0x50 C:/ST/STM32CubeCLT_1.18.0/GNU-tools-for-STM32/bin/../lib/gcc/arm-none-eabi/13.3.1/../../../../arm-none-eabi/lib/thumb/v7-m/nofp\libc_nano.a(libc_a-fflush.o)
                0x08000734                _fflush_r
 .text._sbrk_r  0x08000784       0x20 C:/ST/STM32CubeCLT_1.18.0/GNU-tools-for-STM32/bin/../lib/gcc/arm-none-eabi/13.3.1/../../../../arm-none-eabi/lib/thumb/v7-m/nofp\libc_nano.a(libc_a-sbrkr.o)
                0x08000784                _sbrk_r
 .text.SystemInit
                0x080007a4        0xc cmake/stm32cubemx/CMakeFiles/STM32_Drivers.dir/__/__/Core/Src/system_stm32f1xx.c.obj
                0x080007a4                SystemInit
 .text.SafeDrawPixel
                0x080007b0       0x48 CMakeFiles/SNAKE.dir/Core/Src/main.c.obj
                0x080007b0                SafeDrawPixel
 .text.DrawPixelBlock
                0x080007f8       0x64 CMakeFiles/SNAKE.dir/Core/Src/main.c.obj
                0x080007f8                DrawPixelBlock
 .text.Drawfood
                0x0800085c       0x20 CMakeFiles/SNAKE.dir/Core/Src/main.c.obj
                0x0800085c                Drawfood
 .text.DrawHead
                0x0800087c       0x1e CMakeFiles/SNAKE.dir/Core/Src/main.c.obj
                0x0800087c                DrawHead
 .text.ClearTail
                0x0800089a       0x1c CMakeFiles/SNAKE.dir/Core/Src/main.c.obj
                0x0800089a                ClearTail
 *fill*         0x080008b6        0x2 
 .text.GenerateFood
                0x080008b8       0x4c CMakeFiles/SNAKE.dir/Core/Src/main.c.obj
                0x080008b8                GenerateFood
 .text.initGame
                0x08000904       0xac CMakeFiles/SNAKE.dir/Core/Src/main.c.obj
                0x08000904                initGame
 .text.checkcollision
                0x080009b0       0xe0 CMakeFiles/SNAKE.dir/Core/Src/main.c.obj
                0x080009b0                checkcollision
 .text.moveSnake
                0x08000a90       0xb8 CMakeFiles/SNAKE.dir/Core/Src/main.c.obj
                0x08000a90                moveSnake
 .text.vTaskSnake
                0x08000b48       0xcc CMakeFiles/SNAKE.dir/Core/Src/main.c.obj
                0x08000b48                vTaskSnake
 .text.Button_Up_pressed
                0x08000c14       0x20 CMakeFiles/SNAKE.dir/Core/Src/main.c.obj
                0x08000c14                Button_Up_pressed
 .text.Button_Down_pressed
                0x08000c34       0x20 CMakeFiles/SNAKE.dir/Core/Src/main.c.obj
                0x08000c34                Button_Down_pressed
 .text.Button_Left_pressed
                0x08000c54       0x20 CMakeFiles/SNAKE.dir/Core/Src/main.c.obj
                0x08000c54                Button_Left_pressed
 .text.Button_Right_pressed
                0x08000c74       0x20 CMakeFiles/SNAKE.dir/Core/Src/main.c.obj
                0x08000c74                Button_Right_pressed
 .text.vTaskInput
                0x08000c94       0x68 CMakeFiles/SNAKE.dir/Core/Src/main.c.obj
                0x08000c94                vTaskInput
 .text.main     0x08000cfc       0xf0 CMakeFiles/SNAKE.dir/Core/Src/main.c.obj
                0x08000cfc                main
 .text.NMI_Handler
                0x08000dec        0x8 CMakeFiles/SNAKE.dir/Core/Src/stm32f1xx_it.c.obj
                0x08000dec                NMI_Handler
 .text.HardFault_Handler
                0x08000df4        0x8 CMakeFiles/SNAKE.dir/Core/Src/stm32f1xx_it.c.obj
                0x08000df4                HardFault_Handler
 .text.MemManage_Handler
                0x08000dfc        0x8 CMakeFiles/SNAKE.dir/Core/Src/stm32f1xx_it.c.obj
                0x08000dfc                MemManage_Handler
 .text.BusFault_Handler
                0x08000e04        0x8 CMakeFiles/SNAKE.dir/Core/Src/stm32f1xx_it.c.obj
                0x08000e04                BusFault_Handler
 .text.UsageFault_Handler
                0x08000e0c        0x8 CMakeFiles/SNAKE.dir/Core/Src/stm32f1xx_it.c.obj
                0x08000e0c                UsageFault_Handler
 .text.DebugMon_Handler
                0x08000e14        0xc CMakeFiles/SNAKE.dir/Core/Src/stm32f1xx_it.c.obj
                0x08000e14                DebugMon_Handler
 .text._sbrk    0x08000e20       0x6c CMakeFiles/SNAKE.dir/Core/Src/sysmem.c.obj
                0x08000e20                _sbrk
 .text._getpid  0x08000e8c        0xe CMakeFiles/SNAKE.dir/Core/Src/syscalls.c.obj
                0x08000e8c                _getpid
 .text._kill    0x08000e9a       0x20 CMakeFiles/SNAKE.dir/Core/Src/syscalls.c.obj
                0x08000e9a                _kill
 .text._exit    0x08000eba       0x16 CMakeFiles/SNAKE.dir/Core/Src/syscalls.c.obj
                0x08000eba                _exit
 .text._read    0x08000ed0       0x3a CMakeFiles/SNAKE.dir/Core/Src/syscalls.c.obj
                0x08000ed0                _read
 .text._write   0x08000f0a       0x38 CMakeFiles/SNAKE.dir/Core/Src/syscalls.c.obj
                0x08000f0a                _write
 .text._close   0x08000f42       0x16 CMakeFiles/SNAKE.dir/Core/Src/syscalls.c.obj
                0x08000f42                _close
 .text._fstat   0x08000f58       0x1e CMakeFiles/SNAKE.dir/Core/Src/syscalls.c.obj
                0x08000f58                _fstat
 .text._isatty  0x08000f76       0x14 CMakeFiles/SNAKE.dir/Core/Src/syscalls.c.obj
                0x08000f76                _isatty
 .text._lseek   0x08000f8a       0x18 CMakeFiles/SNAKE.dir/Core/Src/syscalls.c.obj
                0x08000f8a                _lseek
 *fill*         0x08000fa2        0x2 
 .text.Reset_Handler
                0x08000fa4       0x48 CMakeFiles/SNAKE.dir/startup_stm32f103xb.s.obj
                0x08000fa4                Reset_Handler
 .text.Default_Handler
                0x08000fec        0x2 CMakeFiles/SNAKE.dir/startup_stm32f103xb.s.obj
                0x08000fec                RTC_Alarm_IRQHandler
                0x08000fec                EXTI2_IRQHandler
                0x08000fec                TIM1_CC_IRQHandler
                0x08000fec                PVD_IRQHandler
                0x08000fec                EXTI3_IRQHandler
                0x08000fec                EXTI0_IRQHandler
                0x08000fec                I2C2_EV_IRQHandler
                0x08000fec                ADC1_2_IRQHandler
                0x08000fec                SPI1_IRQHandler
                0x08000fec                TAMPER_IRQHandler
                0x08000fec                DMA1_Channel4_IRQHandler
                0x08000fec                USART3_IRQHandler
                0x08000fec                RTC_IRQHandler
                0x08000fec                DMA1_Channel7_IRQHandler
                0x08000fec                CAN1_RX1_IRQHandler
                0x08000fec                TIM4_IRQHandler
                0x08000fec                I2C1_EV_IRQHandler
                0x08000fec                DMA1_Channel6_IRQHandler
                0x08000fec                TIM3_IRQHandler
                0x08000fec                RCC_IRQHandler
                0x08000fec                TIM1_TRG_COM_IRQHandler
                0x08000fec                DMA1_Channel1_IRQHandler
                0x08000fec                Default_Handler
                0x08000fec                EXTI15_10_IRQHandler
                0x08000fec                EXTI9_5_IRQHandler
                0x08000fec                SPI2_IRQHandler
                0x08000fec                DMA1_Channel5_IRQHandler
                0x08000fec                EXTI4_IRQHandler
                0x08000fec                USB_LP_CAN1_RX0_IRQHandler
                0x08000fec                USB_HP_CAN1_TX_IRQHandler
                0x08000fec                DMA1_Channel3_IRQHandler
                0x08000fec                TIM1_UP_IRQHandler
                0x08000fec                WWDG_IRQHandler
                0x08000fec                TIM1_BRK_IRQHandler
                0x08000fec                EXTI1_IRQHandler
                0x08000fec                USART2_IRQHandler
                0x08000fec                I2C2_ER_IRQHandler
                0x08000fec                DMA1_Channel2_IRQHandler
                0x08000fec                CAN1_SCE_IRQHandler
                0x08000fec                FLASH_IRQHandler
                0x08000fec                USART1_IRQHandler
                0x08000fec                I2C1_ER_IRQHandler
                0x08000fec                USBWakeUp_IRQHandler
 *fill*         0x08000fee        0x2 
 .text.writeCMDTFT
                0x08000ff0       0x3c CMakeFiles/SNAKE.dir/Core/LIB/TFT.c.obj
                0x08000ff0                writeCMDTFT
 .text.writeDataTFT
                0x0800102c       0x3c CMakeFiles/SNAKE.dir/Core/LIB/TFT.c.obj
                0x0800102c                writeDataTFT
 .text.sendCMDList
                0x08001068       0x64 CMakeFiles/SNAKE.dir/Core/LIB/TFT.c.obj
                0x08001068                sendCMDList
 .text.setPos   0x080010cc       0x6a CMakeFiles/SNAKE.dir/Core/LIB/TFT.c.obj
                0x080010cc                setPos
 .text.fullDisplay
                0x08001136       0x46 CMakeFiles/SNAKE.dir/Core/LIB/TFT.c.obj
                0x08001136                fullDisplay
 .text.drawPixel
                0x0800117c       0x5c CMakeFiles/SNAKE.dir/Core/LIB/TFT.c.obj
                0x0800117c                drawPixel
 .text.initTFT  0x080011d8       0xa8 CMakeFiles/SNAKE.dir/Core/LIB/TFT.c.obj
                0x080011d8                initTFT
 .text.drawChar
                0x08001280       0xa8 CMakeFiles/SNAKE.dir/Core/LIB/TFT.c.obj
                0x08001280                drawChar
 .text.drawString
                0x08001328       0x56 CMakeFiles/SNAKE.dir/Core/LIB/TFT.c.obj
                0x08001328                drawString
 *fill*         0x0800137e        0x2 
 .text.RCC_Enable_PortA
                0x08001380       0x1c CMakeFiles/SNAKE.dir/Core/DRIVER/RCC.c.obj
                0x08001380                RCC_Enable_PortA
 .text.RCC_Enable_PortB
                0x0800139c       0x1c CMakeFiles/SNAKE.dir/Core/DRIVER/RCC.c.obj
                0x0800139c                RCC_Enable_PortB
 .text.RCC_Enable_AFIO
                0x080013b8       0x1c CMakeFiles/SNAKE.dir/Core/DRIVER/RCC.c.obj
                0x080013b8                RCC_Enable_AFIO
 .text.RCC_Enable_TIM2
                0x080013d4       0x1c CMakeFiles/SNAKE.dir/Core/DRIVER/RCC.c.obj
                0x080013d4                RCC_Enable_TIM2
 .text.RCC_Enable_SPI1
                0x080013f0       0x1c CMakeFiles/SNAKE.dir/Core/DRIVER/RCC.c.obj
                0x080013f0                RCC_Enable_SPI1
 .text.GPIO_Config
                0x0800140c      0x144 CMakeFiles/SNAKE.dir/Core/DRIVER/GPIO.c.obj
                0x0800140c                GPIO_Config
 .text.GPIO_Write_Pin
                0x08001550       0x2e CMakeFiles/SNAKE.dir/Core/DRIVER/GPIO.c.obj
                0x08001550                GPIO_Write_Pin
 .text.GPIO_Read_Pin
                0x0800157e       0x28 CMakeFiles/SNAKE.dir/Core/DRIVER/GPIO.c.obj
                0x0800157e                GPIO_Read_Pin
 *fill*         0x080015a6        0x2 
 .text.TIM2_IRQHandler
                0x080015a8       0x28 CMakeFiles/SNAKE.dir/Core/DRIVER/TIM.c.obj
                0x080015a8                TIM2_IRQHandler
 .text.delay_ms
                0x080015d0       0x64 CMakeFiles/SNAKE.dir/Core/DRIVER/TIM.c.obj
                0x080015d0                delay_ms
 .text.SPI1_Init_Master
                0x08001634       0x88 CMakeFiles/SNAKE.dir/Core/DRIVER/SPI.c.obj
                0x08001634                SPI1_Init_Master
 .text.SPI1_Send
                0x080016bc       0x74 CMakeFiles/SNAKE.dir/Core/DRIVER/SPI.c.obj
                0x080016bc                SPI1_Send
 .text.xTaskCreate
                0x08001730       0x82 CMakeFiles/SNAKE.dir/Core/freertos/tasks.c.obj
                0x08001730                xTaskCreate
 .text.prvInitialiseNewTask
                0x080017b2       0xee CMakeFiles/SNAKE.dir/Core/freertos/tasks.c.obj
 .text.prvAddNewTaskToReadyList
                0x080018a0       0xdc CMakeFiles/SNAKE.dir/Core/freertos/tasks.c.obj
 .text.vTaskDelay
                0x0800197c       0x48 CMakeFiles/SNAKE.dir/Core/freertos/tasks.c.obj
                0x0800197c                vTaskDelay
 .text.vTaskStartScheduler
                0x080019c4       0x70 CMakeFiles/SNAKE.dir/Core/freertos/tasks.c.obj
                0x080019c4                vTaskStartScheduler
 .text.vTaskSuspendAll
                0x08001a34       0x1c CMakeFiles/SNAKE.dir/Core/freertos/tasks.c.obj
                0x08001a34                vTaskSuspendAll
 .text.xTaskResumeAll
                0x08001a50      0x11c CMakeFiles/SNAKE.dir/Core/freertos/tasks.c.obj
                0x08001a50                xTaskResumeAll
 .text.xTaskIncrementTick
                0x08001b6c      0x158 CMakeFiles/SNAKE.dir/Core/freertos/tasks.c.obj
                0x08001b6c                xTaskIncrementTick
 .text.vTaskSwitchContext
                0x08001cc4       0x8c CMakeFiles/SNAKE.dir/Core/freertos/tasks.c.obj
                0x08001cc4                vTaskSwitchContext
 .text.vTaskPlaceOnEventList
                0x08001d50       0x2c CMakeFiles/SNAKE.dir/Core/freertos/tasks.c.obj
                0x08001d50                vTaskPlaceOnEventList
 .text.vTaskPlaceOnUnorderedEventList
                0x08001d7c       0x3c CMakeFiles/SNAKE.dir/Core/freertos/tasks.c.obj
                0x08001d7c                vTaskPlaceOnUnorderedEventList
 .text.xTaskRemoveFromEventList
                0x08001db8       0xa8 CMakeFiles/SNAKE.dir/Core/freertos/tasks.c.obj
                0x08001db8                xTaskRemoveFromEventList
 .text.xTaskRemoveFromUnorderedEventList
                0x08001e60       0x90 CMakeFiles/SNAKE.dir/Core/freertos/tasks.c.obj
                0x08001e60                xTaskRemoveFromUnorderedEventList
 .text.vTaskSetTimeOutState
                0x08001ef0       0x2c CMakeFiles/SNAKE.dir/Core/freertos/tasks.c.obj
                0x08001ef0                vTaskSetTimeOutState
 .text.xTaskCheckForTimeOut
                0x08001f1c       0x88 CMakeFiles/SNAKE.dir/Core/freertos/tasks.c.obj
                0x08001f1c                xTaskCheckForTimeOut
 .text.vTaskMissedYield
                0x08001fa4       0x18 CMakeFiles/SNAKE.dir/Core/freertos/tasks.c.obj
                0x08001fa4                vTaskMissedYield
 .text.prvIdleTask
                0x08001fbc       0x30 CMakeFiles/SNAKE.dir/Core/freertos/tasks.c.obj
 .text.prvInitialiseTaskLists
                0x08001fec       0x80 CMakeFiles/SNAKE.dir/Core/freertos/tasks.c.obj
 .text.prvCheckTasksWaitingTermination
                0x0800206c       0x78 CMakeFiles/SNAKE.dir/Core/freertos/tasks.c.obj
 .text.prvDeleteTCB
                0x080020e4       0x20 CMakeFiles/SNAKE.dir/Core/freertos/tasks.c.obj
 .text.prvResetNextTaskUnblockTime
                0x08002104       0x48 CMakeFiles/SNAKE.dir/Core/freertos/tasks.c.obj
 .text.vTaskPriorityInherit
                0x0800214c       0xec CMakeFiles/SNAKE.dir/Core/freertos/tasks.c.obj
                0x0800214c                vTaskPriorityInherit
 .text.xTaskPriorityDisinherit
                0x08002238       0xc8 CMakeFiles/SNAKE.dir/Core/freertos/tasks.c.obj
                0x08002238                xTaskPriorityDisinherit
 .text.uxTaskResetEventItemValue
                0x08002300       0x30 CMakeFiles/SNAKE.dir/Core/freertos/tasks.c.obj
                0x08002300                uxTaskResetEventItemValue
 .text.pvTaskIncrementMutexHeldCount
                0x08002330       0x28 CMakeFiles/SNAKE.dir/Core/freertos/tasks.c.obj
                0x08002330                pvTaskIncrementMutexHeldCount
 .text.prvAddCurrentTaskToDelayedList
                0x08002358       0xcc CMakeFiles/SNAKE.dir/Core/freertos/tasks.c.obj
 .text.vListInitialise
                0x08002424       0x3e CMakeFiles/SNAKE.dir/Core/freertos/list.c.obj
                0x08002424                vListInitialise
 .text.vListInitialiseItem
                0x08002462       0x18 CMakeFiles/SNAKE.dir/Core/freertos/list.c.obj
                0x08002462                vListInitialiseItem
 .text.vListInsertEnd
                0x0800247a       0x46 CMakeFiles/SNAKE.dir/Core/freertos/list.c.obj
                0x0800247a                vListInsertEnd
 .text.vListInsert
                0x080024c0       0x70 CMakeFiles/SNAKE.dir/Core/freertos/list.c.obj
                0x080024c0                vListInsert
 .text.uxListRemove
                0x08002530       0x52 CMakeFiles/SNAKE.dir/Core/freertos/list.c.obj
                0x08002530                uxListRemove
 *fill*         0x08002582        0x2 
 .text.pxPortInitialiseStack
                0x08002584       0x58 CMakeFiles/SNAKE.dir/Core/freertos/port.c.obj
                0x08002584                pxPortInitialiseStack
 .text.prvTaskExitError
                0x080025dc       0x1e CMakeFiles/SNAKE.dir/Core/freertos/port.c.obj
 *fill*         0x080025fa        0x6 
 .text.SVC_Handler
                0x08002600       0x28 CMakeFiles/SNAKE.dir/Core/freertos/port.c.obj
                0x08002600                SVC_Handler
 .text.prvPortStartFirstTask
                0x08002628       0x20 CMakeFiles/SNAKE.dir/Core/freertos/port.c.obj
 .text.xPortStartScheduler
                0x08002648       0x3c CMakeFiles/SNAKE.dir/Core/freertos/port.c.obj
                0x08002648                xPortStartScheduler
 .text.vPortEnterCritical
                0x08002684       0x34 CMakeFiles/SNAKE.dir/Core/freertos/port.c.obj
                0x08002684                vPortEnterCritical
 .text.vPortExitCritical
                0x080026b8       0x34 CMakeFiles/SNAKE.dir/Core/freertos/port.c.obj
                0x080026b8                vPortExitCritical
 *fill*         0x080026ec        0x4 
 .text.PendSV_Handler
                0x080026f0       0x48 CMakeFiles/SNAKE.dir/Core/freertos/port.c.obj
                0x080026f0                PendSV_Handler
 .text.SysTick_Handler
                0x08002738       0x44 CMakeFiles/SNAKE.dir/Core/freertos/port.c.obj
                0x08002738                SysTick_Handler
 .text.vPortSetupTimerInterrupt
                0x0800277c       0x24 CMakeFiles/SNAKE.dir/Core/freertos/port.c.obj
                0x0800277c                vPortSetupTimerInterrupt
 .text.xEventGroupCreate
                0x080027a0       0x2e CMakeFiles/SNAKE.dir/Core/freertos/event_groups.c.obj
                0x080027a0                xEventGroupCreate
 *fill*         0x080027ce        0x2 
 .text.xEventGroupWaitBits
                0x080027d0      0x110 CMakeFiles/SNAKE.dir/Core/freertos/event_groups.c.obj
                0x080027d0                xEventGroupWaitBits
 .text.xEventGroupSetBits
                0x080028e0       0xda CMakeFiles/SNAKE.dir/Core/freertos/event_groups.c.obj
                0x080028e0                xEventGroupSetBits
 .text.prvTestWaitCondition
                0x080029ba       0x42 CMakeFiles/SNAKE.dir/Core/freertos/event_groups.c.obj
 .text.pvPortMalloc
                0x080029fc      0x128 CMakeFiles/SNAKE.dir/Core/freertos/heap_4.c.obj
                0x080029fc                pvPortMalloc
 .text.vPortFree
                0x08002b24       0x74 CMakeFiles/SNAKE.dir/Core/freertos/heap_4.c.obj
                0x08002b24                vPortFree
 .text.prvHeapInit
                0x08002b98       0xc4 CMakeFiles/SNAKE.dir/Core/freertos/heap_4.c.obj
 .text.prvInsertBlockIntoFreeList
                0x08002c5c       0xb0 CMakeFiles/SNAKE.dir/Core/freertos/heap_4.c.obj
 .text.xQueueGenericReset
                0x08002d0c       0xb4 CMakeFiles/SNAKE.dir/Core/freertos/queue.c.obj
                0x08002d0c                xQueueGenericReset
 .text.xQueueGenericCreate
                0x08002dc0       0x58 CMakeFiles/SNAKE.dir/Core/freertos/queue.c.obj
                0x08002dc0                xQueueGenericCreate
 .text.prvInitialiseNewQueue
                0x08002e18       0x46 CMakeFiles/SNAKE.dir/Core/freertos/queue.c.obj
 .text.prvInitialiseMutex
                0x08002e5e       0x34 CMakeFiles/SNAKE.dir/Core/freertos/queue.c.obj
 .text.xQueueCreateMutex
                0x08002e92       0x30 CMakeFiles/SNAKE.dir/Core/freertos/queue.c.obj
                0x08002e92                xQueueCreateMutex
 *fill*         0x08002ec2        0x2 
 .text.xQueueGenericSend
                0x08002ec4      0x154 CMakeFiles/SNAKE.dir/Core/freertos/queue.c.obj
                0x08002ec4                xQueueGenericSend
 .text.xQueueGenericReceive
                0x08003018      0x1b0 CMakeFiles/SNAKE.dir/Core/freertos/queue.c.obj
                0x08003018                xQueueGenericReceive
 .text.prvCopyDataToQueue
                0x080031c8       0xd4 CMakeFiles/SNAKE.dir/Core/freertos/queue.c.obj
 .text.prvCopyDataFromQueue
                0x0800329c       0x4c CMakeFiles/SNAKE.dir/Core/freertos/queue.c.obj
 .text.prvUnlockQueue
                0x080032e8       0xa4 CMakeFiles/SNAKE.dir/Core/freertos/queue.c.obj
 .text.prvIsQueueEmpty
                0x0800338c       0x2c CMakeFiles/SNAKE.dir/Core/freertos/queue.c.obj
 .text.prvIsQueueFull
                0x080033b8       0x30 CMakeFiles/SNAKE.dir/Core/freertos/queue.c.obj
 .text.rand     0x080033e8       0x7c C:/ST/STM32CubeCLT_1.18.0/GNU-tools-for-STM32/bin/../lib/gcc/arm-none-eabi/13.3.1/../../../../arm-none-eabi/lib/thumb/v7-m/nofp\libg_nano.a(libc_a-rand.o)
                0x080033e8                rand
 .text.__errno  0x08003464        0xc C:/ST/STM32CubeCLT_1.18.0/GNU-tools-for-STM32/bin/../lib/gcc/arm-none-eabi/13.3.1/../../../../arm-none-eabi/lib/thumb/v7-m/nofp\libg_nano.a(libc_a-errno.o)
                0x08003464                __errno
 .text.memcpy   0x08003470       0x1c C:/ST/STM32CubeCLT_1.18.0/GNU-tools-for-STM32/bin/../lib/gcc/arm-none-eabi/13.3.1/../../../../arm-none-eabi/lib/thumb/v7-m/nofp\libg_nano.a(libc_a-memcpy-stub.o)
                0x08003470                memcpy
 .text.__assert_func
                0x0800348c       0x3c C:/ST/STM32CubeCLT_1.18.0/GNU-tools-for-STM32/bin/../lib/gcc/arm-none-eabi/13.3.1/../../../../arm-none-eabi/lib/thumb/v7-m/nofp\libg_nano.a(libc_a-assert.o)
                0x0800348c                __assert_func
 .text.malloc   0x080034c8       0x10 C:/ST/STM32CubeCLT_1.18.0/GNU-tools-for-STM32/bin/../lib/gcc/arm-none-eabi/13.3.1/../../../../arm-none-eabi/lib/thumb/v7-m/nofp\libg_nano.a(libc_a-malloc.o)
                0x080034c8                malloc
 .text.fprintf  0x080034d8       0x24 C:/ST/STM32CubeCLT_1.18.0/GNU-tools-for-STM32/bin/../lib/gcc/arm-none-eabi/13.3.1/../../../../arm-none-eabi/lib/thumb/v7-m/nofp\libg_nano.a(libc_a-fprintf.o)
                0x080034d8                fiprintf
                0x080034d8                fprintf
 .text.abort    0x080034fc        0xe C:/ST/STM32CubeCLT_1.18.0/GNU-tools-for-STM32/bin/../lib/gcc/arm-none-eabi/13.3.1/../../../../arm-none-eabi/lib/thumb/v7-m/nofp\libg_nano.a(libc_a-abort.o)
                0x080034fc                abort
 .text.__sfputc_r
                0x0800350a       0x2a C:/ST/STM32CubeCLT_1.18.0/GNU-tools-for-STM32/bin/../lib/gcc/arm-none-eabi/13.3.1/../../../../arm-none-eabi/lib/thumb/v7-m/nofp\libg_nano.a(libc_a-nano-vfprintf.o)
 .text.__sfputs_r
                0x08003534       0x24 C:/ST/STM32CubeCLT_1.18.0/GNU-tools-for-STM32/bin/../lib/gcc/arm-none-eabi/13.3.1/../../../../arm-none-eabi/lib/thumb/v7-m/nofp\libg_nano.a(libc_a-nano-vfprintf.o)
                0x08003534                __sfputs_r
 .text._vfprintf_r
                0x08003558      0x230 C:/ST/STM32CubeCLT_1.18.0/GNU-tools-for-STM32/bin/../lib/gcc/arm-none-eabi/13.3.1/../../../../arm-none-eabi/lib/thumb/v7-m/nofp\libg_nano.a(libc_a-nano-vfprintf.o)
                0x08003558                _vfprintf_r
                0x08003558                _vfiprintf_r
 .text._printf_common
                0x08003788       0xe4 C:/ST/STM32CubeCLT_1.18.0/GNU-tools-for-STM32/bin/../lib/gcc/arm-none-eabi/13.3.1/../../../../arm-none-eabi/lib/thumb/v7-m/nofp\libg_nano.a(libc_a-nano-vfprintf_i.o)
                0x08003788                _printf_common
 .text._printf_i
                0x0800386c      0x23c C:/ST/STM32CubeCLT_1.18.0/GNU-tools-for-STM32/bin/../lib/gcc/arm-none-eabi/13.3.1/../../../../arm-none-eabi/lib/thumb/v7-m/nofp\libg_nano.a(libc_a-nano-vfprintf_i.o)
                0x0800386c                _printf_i
 .text.__swbuf_r
                0x08003aa8       0x7c C:/ST/STM32CubeCLT_1.18.0/GNU-tools-for-STM32/bin/../lib/gcc/arm-none-eabi/13.3.1/../../../../arm-none-eabi/lib/thumb/v7-m/nofp\libg_nano.a(libc_a-wbuf.o)
                0x08003aa8                __swbuf_r
 .text.__swsetup_r
                0x08003b24       0xac C:/ST/STM32CubeCLT_1.18.0/GNU-tools-for-STM32/bin/../lib/gcc/arm-none-eabi/13.3.1/../../../../arm-none-eabi/lib/thumb/v7-m/nofp\libg_nano.a(libc_a-wsetup.o)
                0x08003b24                __swsetup_r
 .text._raise_r
                0x08003bd0       0x50 C:/ST/STM32CubeCLT_1.18.0/GNU-tools-for-STM32/bin/../lib/gcc/arm-none-eabi/13.3.1/../../../../arm-none-eabi/lib/thumb/v7-m/nofp\libg_nano.a(libc_a-signal.o)
                0x08003bd0                _raise_r
 .text.raise    0x08003c20       0x10 C:/ST/STM32CubeCLT_1.18.0/GNU-tools-for-STM32/bin/../lib/gcc/arm-none-eabi/13.3.1/../../../../arm-none-eabi/lib/thumb/v7-m/nofp\libg_nano.a(libc_a-signal.o)
                0x08003c20                raise
 .text._kill_r  0x08003c30       0x24 C:/ST/STM32CubeCLT_1.18.0/GNU-tools-for-STM32/bin/../lib/gcc/arm-none-eabi/13.3.1/../../../../arm-none-eabi/lib/thumb/v7-m/nofp\libg_nano.a(libc_a-signalr.o)
                0x08003c30                _kill_r
 .text._getpid_r
                0x08003c54        0x4 C:/ST/STM32CubeCLT_1.18.0/GNU-tools-for-STM32/bin/../lib/gcc/arm-none-eabi/13.3.1/../../../../arm-none-eabi/lib/thumb/v7-m/nofp\libg_nano.a(libc_a-signalr.o)
                0x08003c54                _getpid_r
 .text.memchr   0x08003c58       0x1c C:/ST/STM32CubeCLT_1.18.0/GNU-tools-for-STM32/bin/../lib/gcc/arm-none-eabi/13.3.1/../../../../arm-none-eabi/lib/thumb/v7-m/nofp\libg_nano.a(libc_a-memchr-stub.o)
                0x08003c58                memchr
 .text.__swhatbuf_r
                0x08003c74       0x4a C:/ST/STM32CubeCLT_1.18.0/GNU-tools-for-STM32/bin/../lib/gcc/arm-none-eabi/13.3.1/../../../../arm-none-eabi/lib/thumb/v7-m/nofp\libg_nano.a(libc_a-makebuf.o)
                0x08003c74                __swhatbuf_r
 .text.__smakebuf_r
                0x08003cbe       0x78 C:/ST/STM32CubeCLT_1.18.0/GNU-tools-for-STM32/bin/../lib/gcc/arm-none-eabi/13.3.1/../../../../arm-none-eabi/lib/thumb/v7-m/nofp\libg_nano.a(libc_a-makebuf.o)
                0x08003cbe                __smakebuf_r
 *fill*         0x08003d36        0x2 
 .text._fstat_r
                0x08003d38       0x24 C:/ST/STM32CubeCLT_1.18.0/GNU-tools-for-STM32/bin/../lib/gcc/arm-none-eabi/13.3.1/../../../../arm-none-eabi/lib/thumb/v7-m/nofp\libg_nano.a(libc_a-fstatr.o)
                0x08003d38                _fstat_r
 .text._isatty_r
                0x08003d5c       0x20 C:/ST/STM32CubeCLT_1.18.0/GNU-tools-for-STM32/bin/../lib/gcc/arm-none-eabi/13.3.1/../../../../arm-none-eabi/lib/thumb/v7-m/nofp\libg_nano.a(libc_a-isattyr.o)
                0x08003d5c                _isatty_r
 *(.glue_7)
 .glue_7        0x08003d7c        0x0 linker stubs
 *(.glue_7t)
 .glue_7t       0x08003d7c        0x0 linker stubs
 *(.eh_frame)
 .eh_frame      0x08003d7c        0x0 C:/ST/STM32CubeCLT_1.18.0/GNU-tools-for-STM32/bin/../lib/gcc/arm-none-eabi/13.3.1/thumb/v7-m/nofp/crtbegin.o
 *(.init)
 .init          0x08003d7c        0x4 C:/ST/STM32CubeCLT_1.18.0/GNU-tools-for-STM32/bin/../lib/gcc/arm-none-eabi/13.3.1/thumb/v7-m/nofp/crti.o
                0x08003d7c                _init
 .init          0x08003d80        0x8 C:/ST/STM32CubeCLT_1.18.0/GNU-tools-for-STM32/bin/../lib/gcc/arm-none-eabi/13.3.1/thumb/v7-m/nofp/crtn.o
 *(.fini)
 .fini          0x08003d88        0x4 C:/ST/STM32CubeCLT_1.18.0/GNU-tools-for-STM32/bin/../lib/gcc/arm-none-eabi/13.3.1/thumb/v7-m/nofp/crti.o
                0x08003d88                _fini
 .fini          0x08003d8c        0x8 C:/ST/STM32CubeCLT_1.18.0/GNU-tools-for-STM32/bin/../lib/gcc/arm-none-eabi/13.3.1/thumb/v7-m/nofp/crtn.o
                0x08003d94                        . = ALIGN (0x4)
                0x08003d94                        _etext = .

.vfp11_veneer   0x08003d94        0x0
 .vfp11_veneer  0x08003d94        0x0 linker stubs

.v4_bx          0x08003d94        0x0
 .v4_bx         0x08003d94        0x0 linker stubs

.iplt           0x08003d94        0x0
 .iplt          0x08003d94        0x0 C:/ST/STM32CubeCLT_1.18.0/GNU-tools-for-STM32/bin/../lib/gcc/arm-none-eabi/13.3.1/thumb/v7-m/nofp/crtbegin.o

.rodata         0x08003d94      0x8e4
                0x08003d94                        . = ALIGN (0x4)
 *(.rodata)
 .rodata        0x08003d94       0x32 CMakeFiles/SNAKE.dir/Core/Src/main.c.obj
 *fill*         0x08003dc6        0x2 
 .rodata        0x08003dc8        0x5 CMakeFiles/SNAKE.dir/Core/freertos/tasks.c.obj
 *(.rodata*)
 *fill*         0x08003dcd        0x3 
 .rodata.u8InitCmdList
                0x08003dd0       0x52 CMakeFiles/SNAKE.dir/Core/LIB/TFT.c.obj
 *fill*         0x08003e22        0x2 
 .rodata.Font7x10
                0x08003e24      0x76c CMakeFiles/SNAKE.dir/Core/LIB/FONT.c.obj
 .rodata.Font_7x10
                0x08004590        0x8 CMakeFiles/SNAKE.dir/Core/LIB/FONT.c.obj
                0x08004590                Font_7x10
 .rodata.srand.str1.1
                0x08004598       0xde C:/ST/STM32CubeCLT_1.18.0/GNU-tools-for-STM32/bin/../lib/gcc/arm-none-eabi/13.3.1/../../../../arm-none-eabi/lib/thumb/v7-m/nofp\libg_nano.a(libc_a-rand.o)
                                 0x6f (size before relaxing)
 .rodata.__assert_func.str1.1
                0x08004676       0x3d C:/ST/STM32CubeCLT_1.18.0/GNU-tools-for-STM32/bin/../lib/gcc/arm-none-eabi/13.3.1/../../../../arm-none-eabi/lib/thumb/v7-m/nofp\libg_nano.a(libc_a-assert.o)
 .rodata._vfprintf_r.str1.1
                0x08004676       0x11 C:/ST/STM32CubeCLT_1.18.0/GNU-tools-for-STM32/bin/../lib/gcc/arm-none-eabi/13.3.1/../../../../arm-none-eabi/lib/thumb/v7-m/nofp\libg_nano.a(libc_a-nano-vfprintf.o)
 .rodata._printf_i.str1.1
                0x08004676       0x22 C:/ST/STM32CubeCLT_1.18.0/GNU-tools-for-STM32/bin/../lib/gcc/arm-none-eabi/13.3.1/../../../../arm-none-eabi/lib/thumb/v7-m/nofp\libg_nano.a(libc_a-nano-vfprintf_i.o)
                0x080046b4                        . = ALIGN (0x4)
 *fill*         0x08004676        0x2 

.ARM.extab      0x08004678        0x0
                0x08004678                        . = ALIGN (0x4)
 *(.ARM.extab* .gnu.linkonce.armextab.*)
                0x08004678                        . = ALIGN (0x4)

.ARM            0x08004678        0x0
                0x08004678                        . = ALIGN (0x4)
                0x08004678                        __exidx_start = .
 *(.ARM.exidx*)
                0x08004678                        __exidx_end = .
                0x08004678                        . = ALIGN (0x4)

.preinit_array  0x08004678        0x0
                0x08004678                        . = ALIGN (0x4)
                0x08004678                        PROVIDE (__preinit_array_start = .)
 *(.preinit_array*)
                0x08004678                        PROVIDE (__preinit_array_end = .)
                0x08004678                        . = ALIGN (0x4)

.init_array     0x08004678        0x4
                0x08004678                        . = ALIGN (0x4)
                0x08004678                        PROVIDE (__init_array_start = .)
 *(SORT_BY_NAME(.init_array.*))
 *(.init_array*)
 .init_array    0x08004678        0x4 C:/ST/STM32CubeCLT_1.18.0/GNU-tools-for-STM32/bin/../lib/gcc/arm-none-eabi/13.3.1/thumb/v7-m/nofp/crtbegin.o
                0x0800467c                        PROVIDE (__init_array_end = .)
                0x0800467c                        . = ALIGN (0x4)

.fini_array     0x0800467c        0x4
                0x0800467c                        . = ALIGN (0x4)
                [!provide]                        PROVIDE (__fini_array_start = .)
 *(SORT_BY_NAME(.fini_array.*))
 *(.fini_array*)
 .fini_array    0x0800467c        0x4 C:/ST/STM32CubeCLT_1.18.0/GNU-tools-for-STM32/bin/../lib/gcc/arm-none-eabi/13.3.1/thumb/v7-m/nofp/crtbegin.o
                [!provide]                        PROVIDE (__fini_array_end = .)
                0x08004680                        . = ALIGN (0x4)
                0x08004680                        _sidata = LOADADDR (.data)

.rel.dyn        0x08004680        0x0
 .rel.iplt      0x08004680        0x0 C:/ST/STM32CubeCLT_1.18.0/GNU-tools-for-STM32/bin/../lib/gcc/arm-none-eabi/13.3.1/thumb/v7-m/nofp/crtbegin.o

.data           0x20000000       0x60 load address 0x08004680
                0x20000000                        . = ALIGN (0x4)
                0x20000000                        _sdata = .
 *(.data)
 *(.data*)
 .data.__sglue  0x20000000        0xc C:/ST/STM32CubeCLT_1.18.0/GNU-tools-for-STM32/bin/../lib/gcc/arm-none-eabi/13.3.1/../../../../arm-none-eabi/lib/thumb/v7-m/nofp\libc_nano.a(libc_a-findfp.o)
                0x20000000                __sglue
 .data._impure_ptr
                0x2000000c        0x4 C:/ST/STM32CubeCLT_1.18.0/GNU-tools-for-STM32/bin/../lib/gcc/arm-none-eabi/13.3.1/../../../../arm-none-eabi/lib/thumb/v7-m/nofp\libc_nano.a(libc_a-impure.o)
                0x2000000c                _impure_ptr
 .data._impure_data
                0x20000010       0x4c C:/ST/STM32CubeCLT_1.18.0/GNU-tools-for-STM32/bin/../lib/gcc/arm-none-eabi/13.3.1/../../../../arm-none-eabi/lib/thumb/v7-m/nofp\libc_nano.a(libc_a-impure.o)
                0x20000010                _impure_data
 .data.uxCriticalNesting
                0x2000005c        0x4 CMakeFiles/SNAKE.dir/Core/freertos/port.c.obj
 *(.RamFunc)
 *(.RamFunc*)
                0x20000060                        . = ALIGN (0x4)
                0x20000060                        _edata = .

.igot.plt       0x20000060        0x0 load address 0x080046e0
 .igot.plt      0x20000060        0x0 C:/ST/STM32CubeCLT_1.18.0/GNU-tools-for-STM32/bin/../lib/gcc/arm-none-eabi/13.3.1/thumb/v7-m/nofp/crtbegin.o
                0x20000060                        . = ALIGN (0x4)

.bss            0x20000060     0x16c8 load address 0x080046e0
                0x20000060                        _sbss = .
                0x20000060                        __bss_start__ = _sbss
 *(.bss)
 .bss           0x20000060       0x1c C:/ST/STM32CubeCLT_1.18.0/GNU-tools-for-STM32/bin/../lib/gcc/arm-none-eabi/13.3.1/thumb/v7-m/nofp/crtbegin.o
 *(.bss*)
 .bss.__sf      0x2000007c      0x138 C:/ST/STM32CubeCLT_1.18.0/GNU-tools-for-STM32/bin/../lib/gcc/arm-none-eabi/13.3.1/../../../../arm-none-eabi/lib/thumb/v7-m/nofp\libc_nano.a(libc_a-findfp.o)
                0x2000007c                __sf
 .bss.__stdio_exit_handler
                0x200001b4        0x4 C:/ST/STM32CubeCLT_1.18.0/GNU-tools-for-STM32/bin/../lib/gcc/arm-none-eabi/13.3.1/../../../../arm-none-eabi/lib/thumb/v7-m/nofp\libc_nano.a(libc_a-findfp.o)
                0x200001b4                __stdio_exit_handler
 .bss.errno     0x200001b8        0x4 C:/ST/STM32CubeCLT_1.18.0/GNU-tools-for-STM32/bin/../lib/gcc/arm-none-eabi/13.3.1/../../../../arm-none-eabi/lib/thumb/v7-m/nofp\libc_nano.a(libc_a-reent.o)
                0x200001b8                errno
 .bss.__lock___malloc_recursive_mutex
                0x200001bc        0x1 C:/ST/STM32CubeCLT_1.18.0/GNU-tools-for-STM32/bin/../lib/gcc/arm-none-eabi/13.3.1/../../../../arm-none-eabi/lib/thumb/v7-m/nofp\libc_nano.a(libc_a-lock.o)
                0x200001bc                __lock___malloc_recursive_mutex
 .bss.__lock___sfp_recursive_mutex
                0x200001bd        0x1 C:/ST/STM32CubeCLT_1.18.0/GNU-tools-for-STM32/bin/../lib/gcc/arm-none-eabi/13.3.1/../../../../arm-none-eabi/lib/thumb/v7-m/nofp\libc_nano.a(libc_a-lock.o)
                0x200001bd                __lock___sfp_recursive_mutex
 *fill*         0x200001be        0x2 
 .bss.__malloc_sbrk_start
                0x200001c0        0x4 C:/ST/STM32CubeCLT_1.18.0/GNU-tools-for-STM32/bin/../lib/gcc/arm-none-eabi/13.3.1/../../../../arm-none-eabi/lib/thumb/v7-m/nofp\libc_nano.a(libc_a-mallocr.o)
                0x200001c0                __malloc_sbrk_start
 .bss.__malloc_free_list
                0x200001c4        0x4 C:/ST/STM32CubeCLT_1.18.0/GNU-tools-for-STM32/bin/../lib/gcc/arm-none-eabi/13.3.1/../../../../arm-none-eabi/lib/thumb/v7-m/nofp\libc_nano.a(libc_a-mallocr.o)
                0x200001c4                __malloc_free_list
 .bss.snake     0x200001c8       0x2a CMakeFiles/SNAKE.dir/Core/Src/main.c.obj
                0x200001c8                snake
 *fill*         0x200001f2        0x2 
 .bss.food      0x200001f4        0x2 CMakeFiles/SNAKE.dir/Core/Src/main.c.obj
                0x200001f4                food
 *fill*         0x200001f6        0x2 
 .bss.xSnakeMutex
                0x200001f8        0x4 CMakeFiles/SNAKE.dir/Core/Src/main.c.obj
                0x200001f8                xSnakeMutex
 .bss.xLcdMutex
                0x200001fc        0x4 CMakeFiles/SNAKE.dir/Core/Src/main.c.obj
                0x200001fc                xLcdMutex
 .bss.xDirectionevent
                0x20000200        0x4 CMakeFiles/SNAKE.dir/Core/Src/main.c.obj
                0x20000200                xDirectionevent
 .bss.Growing   0x20000204        0x4 CMakeFiles/SNAKE.dir/Core/Src/main.c.obj
                0x20000204                Growing
 .bss.__sbrk_heap_end
                0x20000208        0x4 CMakeFiles/SNAKE.dir/Core/Src/sysmem.c.obj
 .bss.pxCurrentTCB
                0x2000020c        0x4 CMakeFiles/SNAKE.dir/Core/freertos/tasks.c.obj
                0x2000020c                pxCurrentTCB
 .bss.pxReadyTasksLists
                0x20000210       0x64 CMakeFiles/SNAKE.dir/Core/freertos/tasks.c.obj
 .bss.xDelayedTaskList1
                0x20000274       0x14 CMakeFiles/SNAKE.dir/Core/freertos/tasks.c.obj
 .bss.xDelayedTaskList2
                0x20000288       0x14 CMakeFiles/SNAKE.dir/Core/freertos/tasks.c.obj
 .bss.pxDelayedTaskList
                0x2000029c        0x4 CMakeFiles/SNAKE.dir/Core/freertos/tasks.c.obj
 .bss.pxOverflowDelayedTaskList
                0x200002a0        0x4 CMakeFiles/SNAKE.dir/Core/freertos/tasks.c.obj
 .bss.xPendingReadyList
                0x200002a4       0x14 CMakeFiles/SNAKE.dir/Core/freertos/tasks.c.obj
 .bss.xTasksWaitingTermination
                0x200002b8       0x14 CMakeFiles/SNAKE.dir/Core/freertos/tasks.c.obj
 .bss.uxDeletedTasksWaitingCleanUp
                0x200002cc        0x4 CMakeFiles/SNAKE.dir/Core/freertos/tasks.c.obj
 .bss.xSuspendedTaskList
                0x200002d0       0x14 CMakeFiles/SNAKE.dir/Core/freertos/tasks.c.obj
 .bss.uxCurrentNumberOfTasks
                0x200002e4        0x4 CMakeFiles/SNAKE.dir/Core/freertos/tasks.c.obj
 .bss.xTickCount
                0x200002e8        0x4 CMakeFiles/SNAKE.dir/Core/freertos/tasks.c.obj
 .bss.uxTopReadyPriority
                0x200002ec        0x4 CMakeFiles/SNAKE.dir/Core/freertos/tasks.c.obj
 .bss.xSchedulerRunning
                0x200002f0        0x4 CMakeFiles/SNAKE.dir/Core/freertos/tasks.c.obj
 .bss.uxPendedTicks
                0x200002f4        0x4 CMakeFiles/SNAKE.dir/Core/freertos/tasks.c.obj
 .bss.xYieldPending
                0x200002f8        0x4 CMakeFiles/SNAKE.dir/Core/freertos/tasks.c.obj
 .bss.xNumOfOverflows
                0x200002fc        0x4 CMakeFiles/SNAKE.dir/Core/freertos/tasks.c.obj
 .bss.uxTaskNumber
                0x20000300        0x4 CMakeFiles/SNAKE.dir/Core/freertos/tasks.c.obj
 .bss.xNextTaskUnblockTime
                0x20000304        0x4 CMakeFiles/SNAKE.dir/Core/freertos/tasks.c.obj
 .bss.xIdleTaskHandle
                0x20000308        0x4 CMakeFiles/SNAKE.dir/Core/freertos/tasks.c.obj
 .bss.uxSchedulerSuspended
                0x2000030c        0x4 CMakeFiles/SNAKE.dir/Core/freertos/tasks.c.obj
 .bss.ucHeap    0x20000310     0x1400 CMakeFiles/SNAKE.dir/Core/freertos/heap_4.c.obj
 .bss.xStart    0x20001710        0x8 CMakeFiles/SNAKE.dir/Core/freertos/heap_4.c.obj
 .bss.pxEnd     0x20001718        0x4 CMakeFiles/SNAKE.dir/Core/freertos/heap_4.c.obj
 .bss.xFreeBytesRemaining
                0x2000171c        0x4 CMakeFiles/SNAKE.dir/Core/freertos/heap_4.c.obj
 .bss.xMinimumEverFreeBytesRemaining
                0x20001720        0x4 CMakeFiles/SNAKE.dir/Core/freertos/heap_4.c.obj
 .bss.xBlockAllocatedBit
                0x20001724        0x4 CMakeFiles/SNAKE.dir/Core/freertos/heap_4.c.obj
 *(COMMON)
                0x20001728                        . = ALIGN (0x4)
                0x20001728                        _ebss = .
                0x20001728                        __bss_end__ = _ebss

._user_heap_stack
                0x20001728      0x600 load address 0x080046e0
                0x20001728                        . = ALIGN (0x8)
                [!provide]                        PROVIDE (end = .)
                0x20001728                        PROVIDE (_end = .)
                0x20001928                        . = (. + _Min_Heap_Size)
 *fill*         0x20001728      0x200 
                0x20001d28                        . = (. + _Min_Stack_Size)
 *fill*         0x20001928      0x400 
                0x20001d28                        . = ALIGN (0x8)

/DISCARD/
 libc.a(*)
 libm.a(*)
 libgcc.a(*)
OUTPUT(SNAKE.elf elf32-littlearm)
LOAD linker stubs
LOAD C:/ST/STM32CubeCLT_1.18.0/GNU-tools-for-STM32/bin/../lib/gcc/arm-none-eabi/13.3.1/../../../../arm-none-eabi/lib/thumb/v7-m/nofp\libc.a
LOAD C:/ST/STM32CubeCLT_1.18.0/GNU-tools-for-STM32/bin/../lib/gcc/arm-none-eabi/13.3.1/../../../../arm-none-eabi/lib/thumb/v7-m/nofp\libm.a
LOAD C:/ST/STM32CubeCLT_1.18.0/GNU-tools-for-STM32/bin/../lib/gcc/arm-none-eabi/13.3.1/thumb/v7-m/nofp\libgcc.a

.ARM.attributes
                0x00000000       0x29
 .ARM.attributes
                0x00000000       0x1d C:/ST/STM32CubeCLT_1.18.0/GNU-tools-for-STM32/bin/../lib/gcc/arm-none-eabi/13.3.1/thumb/v7-m/nofp/crti.o
 .ARM.attributes
                0x0000001d       0x2d C:/ST/STM32CubeCLT_1.18.0/GNU-tools-for-STM32/bin/../lib/gcc/arm-none-eabi/13.3.1/thumb/v7-m/nofp/crtbegin.o
 .ARM.attributes
                0x0000004a       0x2d C:/ST/STM32CubeCLT_1.18.0/GNU-tools-for-STM32/bin/../lib/gcc/arm-none-eabi/13.3.1/../../../../arm-none-eabi/lib/thumb/v7-m/nofp\libc_nano.a(libc_a-findfp.o)
 .ARM.attributes
                0x00000077       0x2d C:/ST/STM32CubeCLT_1.18.0/GNU-tools-for-STM32/bin/../lib/gcc/arm-none-eabi/13.3.1/../../../../arm-none-eabi/lib/thumb/v7-m/nofp\libc_nano.a(libc_a-fwalk.o)
 .ARM.attributes
                0x000000a4       0x2d C:/ST/STM32CubeCLT_1.18.0/GNU-tools-for-STM32/bin/../lib/gcc/arm-none-eabi/13.3.1/../../../../arm-none-eabi/lib/thumb/v7-m/nofp\libc_nano.a(libc_a-stdio.o)
 .ARM.attributes
                0x000000d1       0x2d C:/ST/STM32CubeCLT_1.18.0/GNU-tools-for-STM32/bin/../lib/gcc/arm-none-eabi/13.3.1/../../../../arm-none-eabi/lib/thumb/v7-m/nofp\libc_nano.a(libc_a-memset.o)
 .ARM.attributes
                0x000000fe       0x2d C:/ST/STM32CubeCLT_1.18.0/GNU-tools-for-STM32/bin/../lib/gcc/arm-none-eabi/13.3.1/../../../../arm-none-eabi/lib/thumb/v7-m/nofp\libc_nano.a(libc_a-closer.o)
 .ARM.attributes
                0x0000012b       0x2d C:/ST/STM32CubeCLT_1.18.0/GNU-tools-for-STM32/bin/../lib/gcc/arm-none-eabi/13.3.1/../../../../arm-none-eabi/lib/thumb/v7-m/nofp\libc_nano.a(libc_a-reent.o)
 .ARM.attributes
                0x00000158       0x2d C:/ST/STM32CubeCLT_1.18.0/GNU-tools-for-STM32/bin/../lib/gcc/arm-none-eabi/13.3.1/../../../../arm-none-eabi/lib/thumb/v7-m/nofp\libc_nano.a(libc_a-impure.o)
 .ARM.attributes
                0x00000185       0x2d C:/ST/STM32CubeCLT_1.18.0/GNU-tools-for-STM32/bin/../lib/gcc/arm-none-eabi/13.3.1/../../../../arm-none-eabi/lib/thumb/v7-m/nofp\libc_nano.a(libc_a-lseekr.o)
 .ARM.attributes
                0x000001b2       0x2d C:/ST/STM32CubeCLT_1.18.0/GNU-tools-for-STM32/bin/../lib/gcc/arm-none-eabi/13.3.1/../../../../arm-none-eabi/lib/thumb/v7-m/nofp\libc_nano.a(libc_a-readr.o)
 .ARM.attributes
                0x000001df       0x2d C:/ST/STM32CubeCLT_1.18.0/GNU-tools-for-STM32/bin/../lib/gcc/arm-none-eabi/13.3.1/../../../../arm-none-eabi/lib/thumb/v7-m/nofp\libc_nano.a(libc_a-writer.o)
 .ARM.attributes
                0x0000020c       0x2d C:/ST/STM32CubeCLT_1.18.0/GNU-tools-for-STM32/bin/../lib/gcc/arm-none-eabi/13.3.1/../../../../arm-none-eabi/lib/thumb/v7-m/nofp\libc_nano.a(libc_a-init.o)
 .ARM.attributes
                0x00000239       0x2d C:/ST/STM32CubeCLT_1.18.0/GNU-tools-for-STM32/bin/../lib/gcc/arm-none-eabi/13.3.1/../../../../arm-none-eabi/lib/thumb/v7-m/nofp\libc_nano.a(libc_a-lock.o)
 .ARM.attributes
                0x00000266       0x2d C:/ST/STM32CubeCLT_1.18.0/GNU-tools-for-STM32/bin/../lib/gcc/arm-none-eabi/13.3.1/../../../../arm-none-eabi/lib/thumb/v7-m/nofp\libc_nano.a(libc_a-freer.o)
 .ARM.attributes
                0x00000293       0x2d C:/ST/STM32CubeCLT_1.18.0/GNU-tools-for-STM32/bin/../lib/gcc/arm-none-eabi/13.3.1/../../../../arm-none-eabi/lib/thumb/v7-m/nofp\libc_nano.a(libc_a-mallocr.o)
 .ARM.attributes
                0x000002c0       0x2d C:/ST/STM32CubeCLT_1.18.0/GNU-tools-for-STM32/bin/../lib/gcc/arm-none-eabi/13.3.1/../../../../arm-none-eabi/lib/thumb/v7-m/nofp\libc_nano.a(libc_a-mlock.o)
 .ARM.attributes
                0x000002ed       0x2d C:/ST/STM32CubeCLT_1.18.0/GNU-tools-for-STM32/bin/../lib/gcc/arm-none-eabi/13.3.1/../../../../arm-none-eabi/lib/thumb/v7-m/nofp\libc_nano.a(libc_a-fflush.o)
 .ARM.attributes
                0x0000031a       0x2d C:/ST/STM32CubeCLT_1.18.0/GNU-tools-for-STM32/bin/../lib/gcc/arm-none-eabi/13.3.1/../../../../arm-none-eabi/lib/thumb/v7-m/nofp\libc_nano.a(libc_a-sbrkr.o)
 .ARM.attributes
                0x00000347       0x2d cmake/stm32cubemx/CMakeFiles/STM32_Drivers.dir/__/__/Core/Src/system_stm32f1xx.c.obj
 .ARM.attributes
                0x00000374       0x2d CMakeFiles/SNAKE.dir/Core/Src/main.c.obj
 .ARM.attributes
                0x000003a1       0x2d CMakeFiles/SNAKE.dir/Core/Src/stm32f1xx_it.c.obj
 .ARM.attributes
                0x000003ce       0x2d CMakeFiles/SNAKE.dir/Core/Src/sysmem.c.obj
 .ARM.attributes
                0x000003fb       0x2d CMakeFiles/SNAKE.dir/Core/Src/syscalls.c.obj
 .ARM.attributes
                0x00000428       0x21 CMakeFiles/SNAKE.dir/startup_stm32f103xb.s.obj
 .ARM.attributes
                0x00000449       0x2d CMakeFiles/SNAKE.dir/Core/LIB/TFT.c.obj
 .ARM.attributes
                0x00000476       0x2d CMakeFiles/SNAKE.dir/Core/LIB/FONT.c.obj
 .ARM.attributes
                0x000004a3       0x2d CMakeFiles/SNAKE.dir/Core/DRIVER/RCC.c.obj
 .ARM.attributes
                0x000004d0       0x2d CMakeFiles/SNAKE.dir/Core/DRIVER/GPIO.c.obj
 .ARM.attributes
                0x000004fd       0x2d CMakeFiles/SNAKE.dir/Core/DRIVER/TIM.c.obj
 .ARM.attributes
                0x0000052a       0x2d CMakeFiles/SNAKE.dir/Core/DRIVER/SPI.c.obj
 .ARM.attributes
                0x00000557       0x2d CMakeFiles/SNAKE.dir/Core/freertos/tasks.c.obj
 .ARM.attributes
                0x00000584       0x2d CMakeFiles/SNAKE.dir/Core/freertos/list.c.obj
 .ARM.attributes
                0x000005b1       0x2d CMakeFiles/SNAKE.dir/Core/freertos/port.c.obj
 .ARM.attributes
                0x000005de       0x2d CMakeFiles/SNAKE.dir/Core/freertos/event_groups.c.obj
 .ARM.attributes
                0x0000060b       0x2d CMakeFiles/SNAKE.dir/Core/freertos/heap_4.c.obj
 .ARM.attributes
                0x00000638       0x2d CMakeFiles/SNAKE.dir/Core/freertos/queue.c.obj
 .ARM.attributes
                0x00000665       0x2d C:/ST/STM32CubeCLT_1.18.0/GNU-tools-for-STM32/bin/../lib/gcc/arm-none-eabi/13.3.1/../../../../arm-none-eabi/lib/thumb/v7-m/nofp\libg_nano.a(libc_a-rand.o)
 .ARM.attributes
                0x00000692       0x2d C:/ST/STM32CubeCLT_1.18.0/GNU-tools-for-STM32/bin/../lib/gcc/arm-none-eabi/13.3.1/../../../../arm-none-eabi/lib/thumb/v7-m/nofp\libg_nano.a(libc_a-errno.o)
 .ARM.attributes
                0x000006bf       0x2d C:/ST/STM32CubeCLT_1.18.0/GNU-tools-for-STM32/bin/../lib/gcc/arm-none-eabi/13.3.1/../../../../arm-none-eabi/lib/thumb/v7-m/nofp\libg_nano.a(libc_a-memcpy-stub.o)
 .ARM.attributes
                0x000006ec       0x2d C:/ST/STM32CubeCLT_1.18.0/GNU-tools-for-STM32/bin/../lib/gcc/arm-none-eabi/13.3.1/../../../../arm-none-eabi/lib/thumb/v7-m/nofp\libg_nano.a(libc_a-assert.o)
 .ARM.attributes
                0x00000719       0x2d C:/ST/STM32CubeCLT_1.18.0/GNU-tools-for-STM32/bin/../lib/gcc/arm-none-eabi/13.3.1/../../../../arm-none-eabi/lib/thumb/v7-m/nofp\libg_nano.a(libc_a-malloc.o)
 .ARM.attributes
                0x00000746       0x2d C:/ST/STM32CubeCLT_1.18.0/GNU-tools-for-STM32/bin/../lib/gcc/arm-none-eabi/13.3.1/../../../../arm-none-eabi/lib/thumb/v7-m/nofp\libg_nano.a(libc_a-fprintf.o)
 .ARM.attributes
                0x00000773       0x2d C:/ST/STM32CubeCLT_1.18.0/GNU-tools-for-STM32/bin/../lib/gcc/arm-none-eabi/13.3.1/../../../../arm-none-eabi/lib/thumb/v7-m/nofp\libg_nano.a(libc_a-abort.o)
 .ARM.attributes
                0x000007a0       0x2d C:/ST/STM32CubeCLT_1.18.0/GNU-tools-for-STM32/bin/../lib/gcc/arm-none-eabi/13.3.1/../../../../arm-none-eabi/lib/thumb/v7-m/nofp\libg_nano.a(libc_a-nano-vfprintf.o)
 .ARM.attributes
                0x000007cd       0x2d C:/ST/STM32CubeCLT_1.18.0/GNU-tools-for-STM32/bin/../lib/gcc/arm-none-eabi/13.3.1/../../../../arm-none-eabi/lib/thumb/v7-m/nofp\libg_nano.a(libc_a-nano-vfprintf_i.o)
 .ARM.attributes
                0x000007fa       0x2d C:/ST/STM32CubeCLT_1.18.0/GNU-tools-for-STM32/bin/../lib/gcc/arm-none-eabi/13.3.1/../../../../arm-none-eabi/lib/thumb/v7-m/nofp\libg_nano.a(libc_a-wbuf.o)
 .ARM.attributes
                0x00000827       0x2d C:/ST/STM32CubeCLT_1.18.0/GNU-tools-for-STM32/bin/../lib/gcc/arm-none-eabi/13.3.1/../../../../arm-none-eabi/lib/thumb/v7-m/nofp\libg_nano.a(libc_a-wsetup.o)
 .ARM.attributes
                0x00000854       0x2d C:/ST/STM32CubeCLT_1.18.0/GNU-tools-for-STM32/bin/../lib/gcc/arm-none-eabi/13.3.1/../../../../arm-none-eabi/lib/thumb/v7-m/nofp\libg_nano.a(libc_a-signal.o)
 .ARM.attributes
                0x00000881       0x2d C:/ST/STM32CubeCLT_1.18.0/GNU-tools-for-STM32/bin/../lib/gcc/arm-none-eabi/13.3.1/../../../../arm-none-eabi/lib/thumb/v7-m/nofp\libg_nano.a(libc_a-signalr.o)
 .ARM.attributes
                0x000008ae       0x2d C:/ST/STM32CubeCLT_1.18.0/GNU-tools-for-STM32/bin/../lib/gcc/arm-none-eabi/13.3.1/../../../../arm-none-eabi/lib/thumb/v7-m/nofp\libg_nano.a(libc_a-memchr-stub.o)
 .ARM.attributes
                0x000008db       0x2d C:/ST/STM32CubeCLT_1.18.0/GNU-tools-for-STM32/bin/../lib/gcc/arm-none-eabi/13.3.1/../../../../arm-none-eabi/lib/thumb/v7-m/nofp\libg_nano.a(libc_a-makebuf.o)
 .ARM.attributes
                0x00000908       0x2d C:/ST/STM32CubeCLT_1.18.0/GNU-tools-for-STM32/bin/../lib/gcc/arm-none-eabi/13.3.1/../../../../arm-none-eabi/lib/thumb/v7-m/nofp\libg_nano.a(libc_a-fstatr.o)
 .ARM.attributes
                0x00000935       0x2d C:/ST/STM32CubeCLT_1.18.0/GNU-tools-for-STM32/bin/../lib/gcc/arm-none-eabi/13.3.1/../../../../arm-none-eabi/lib/thumb/v7-m/nofp\libg_nano.a(libc_a-isattyr.o)
 .ARM.attributes
                0x00000962       0x1d C:/ST/STM32CubeCLT_1.18.0/GNU-tools-for-STM32/bin/../lib/gcc/arm-none-eabi/13.3.1/thumb/v7-m/nofp/crtn.o

.comment        0x00000000       0x43
 .comment       0x00000000       0x43 cmake/stm32cubemx/CMakeFiles/STM32_Drivers.dir/__/__/Core/Src/system_stm32f1xx.c.obj
                                 0x44 (size before relaxing)
 .comment       0x00000043       0x44 CMakeFiles/SNAKE.dir/Core/Src/main.c.obj
 .comment       0x00000043       0x44 CMakeFiles/SNAKE.dir/Core/Src/stm32f1xx_it.c.obj
 .comment       0x00000043       0x44 CMakeFiles/SNAKE.dir/Core/Src/sysmem.c.obj
 .comment       0x00000043       0x44 CMakeFiles/SNAKE.dir/Core/Src/syscalls.c.obj
 .comment       0x00000043       0x44 CMakeFiles/SNAKE.dir/Core/LIB/TFT.c.obj
 .comment       0x00000043       0x44 CMakeFiles/SNAKE.dir/Core/LIB/FONT.c.obj
 .comment       0x00000043       0x44 CMakeFiles/SNAKE.dir/Core/DRIVER/RCC.c.obj
 .comment       0x00000043       0x44 CMakeFiles/SNAKE.dir/Core/DRIVER/GPIO.c.obj
 .comment       0x00000043       0x44 CMakeFiles/SNAKE.dir/Core/DRIVER/TIM.c.obj
 .comment       0x00000043       0x44 CMakeFiles/SNAKE.dir/Core/DRIVER/SPI.c.obj
 .comment       0x00000043       0x44 CMakeFiles/SNAKE.dir/Core/freertos/tasks.c.obj
 .comment       0x00000043       0x44 CMakeFiles/SNAKE.dir/Core/freertos/list.c.obj
 .comment       0x00000043       0x44 CMakeFiles/SNAKE.dir/Core/freertos/port.c.obj
 .comment       0x00000043       0x44 CMakeFiles/SNAKE.dir/Core/freertos/event_groups.c.obj
 .comment       0x00000043       0x44 CMakeFiles/SNAKE.dir/Core/freertos/heap_4.c.obj
 .comment       0x00000043       0x44 CMakeFiles/SNAKE.dir/Core/freertos/queue.c.obj
 .comment       0x00000043       0x44 C:/ST/STM32CubeCLT_1.18.0/GNU-tools-for-STM32/bin/../lib/gcc/arm-none-eabi/13.3.1/../../../../arm-none-eabi/lib/thumb/v7-m/nofp\libg_nano.a(libc_a-rand.o)
 .comment       0x00000043       0x44 C:/ST/STM32CubeCLT_1.18.0/GNU-tools-for-STM32/bin/../lib/gcc/arm-none-eabi/13.3.1/../../../../arm-none-eabi/lib/thumb/v7-m/nofp\libg_nano.a(libc_a-errno.o)
 .comment       0x00000043       0x44 C:/ST/STM32CubeCLT_1.18.0/GNU-tools-for-STM32/bin/../lib/gcc/arm-none-eabi/13.3.1/../../../../arm-none-eabi/lib/thumb/v7-m/nofp\libg_nano.a(libc_a-memcpy-stub.o)
 .comment       0x00000043       0x44 C:/ST/STM32CubeCLT_1.18.0/GNU-tools-for-STM32/bin/../lib/gcc/arm-none-eabi/13.3.1/../../../../arm-none-eabi/lib/thumb/v7-m/nofp\libg_nano.a(libc_a-assert.o)
 .comment       0x00000043       0x44 C:/ST/STM32CubeCLT_1.18.0/GNU-tools-for-STM32/bin/../lib/gcc/arm-none-eabi/13.3.1/../../../../arm-none-eabi/lib/thumb/v7-m/nofp\libg_nano.a(libc_a-malloc.o)
 .comment       0x00000043       0x44 C:/ST/STM32CubeCLT_1.18.0/GNU-tools-for-STM32/bin/../lib/gcc/arm-none-eabi/13.3.1/../../../../arm-none-eabi/lib/thumb/v7-m/nofp\libg_nano.a(libc_a-fprintf.o)
 .comment       0x00000043       0x44 C:/ST/STM32CubeCLT_1.18.0/GNU-tools-for-STM32/bin/../lib/gcc/arm-none-eabi/13.3.1/../../../../arm-none-eabi/lib/thumb/v7-m/nofp\libg_nano.a(libc_a-abort.o)
 .comment       0x00000043       0x44 C:/ST/STM32CubeCLT_1.18.0/GNU-tools-for-STM32/bin/../lib/gcc/arm-none-eabi/13.3.1/../../../../arm-none-eabi/lib/thumb/v7-m/nofp\libg_nano.a(libc_a-nano-vfprintf.o)
 .comment       0x00000043       0x44 C:/ST/STM32CubeCLT_1.18.0/GNU-tools-for-STM32/bin/../lib/gcc/arm-none-eabi/13.3.1/../../../../arm-none-eabi/lib/thumb/v7-m/nofp\libg_nano.a(libc_a-nano-vfprintf_i.o)
 .comment       0x00000043       0x44 C:/ST/STM32CubeCLT_1.18.0/GNU-tools-for-STM32/bin/../lib/gcc/arm-none-eabi/13.3.1/../../../../arm-none-eabi/lib/thumb/v7-m/nofp\libg_nano.a(libc_a-wbuf.o)
 .comment       0x00000043       0x44 C:/ST/STM32CubeCLT_1.18.0/GNU-tools-for-STM32/bin/../lib/gcc/arm-none-eabi/13.3.1/../../../../arm-none-eabi/lib/thumb/v7-m/nofp\libg_nano.a(libc_a-wsetup.o)
 .comment       0x00000043       0x44 C:/ST/STM32CubeCLT_1.18.0/GNU-tools-for-STM32/bin/../lib/gcc/arm-none-eabi/13.3.1/../../../../arm-none-eabi/lib/thumb/v7-m/nofp\libg_nano.a(libc_a-signal.o)
 .comment       0x00000043       0x44 C:/ST/STM32CubeCLT_1.18.0/GNU-tools-for-STM32/bin/../lib/gcc/arm-none-eabi/13.3.1/../../../../arm-none-eabi/lib/thumb/v7-m/nofp\libg_nano.a(libc_a-signalr.o)
 .comment       0x00000043       0x44 C:/ST/STM32CubeCLT_1.18.0/GNU-tools-for-STM32/bin/../lib/gcc/arm-none-eabi/13.3.1/../../../../arm-none-eabi/lib/thumb/v7-m/nofp\libg_nano.a(libc_a-memchr-stub.o)
 .comment       0x00000043       0x44 C:/ST/STM32CubeCLT_1.18.0/GNU-tools-for-STM32/bin/../lib/gcc/arm-none-eabi/13.3.1/../../../../arm-none-eabi/lib/thumb/v7-m/nofp\libg_nano.a(libc_a-makebuf.o)
 .comment       0x00000043       0x44 C:/ST/STM32CubeCLT_1.18.0/GNU-tools-for-STM32/bin/../lib/gcc/arm-none-eabi/13.3.1/../../../../arm-none-eabi/lib/thumb/v7-m/nofp\libg_nano.a(libc_a-fstatr.o)
 .comment       0x00000043       0x44 C:/ST/STM32CubeCLT_1.18.0/GNU-tools-for-STM32/bin/../lib/gcc/arm-none-eabi/13.3.1/../../../../arm-none-eabi/lib/thumb/v7-m/nofp\libg_nano.a(libc_a-isattyr.o)

.debug_frame    0x00000000     0x24e0
 .debug_frame   0x00000000      0x144 C:/ST/STM32CubeCLT_1.18.0/GNU-tools-for-STM32/bin/../lib/gcc/arm-none-eabi/13.3.1/../../../../arm-none-eabi/lib/thumb/v7-m/nofp\libc_nano.a(libc_a-findfp.o)
 .debug_frame   0x00000144       0x34 C:/ST/STM32CubeCLT_1.18.0/GNU-tools-for-STM32/bin/../lib/gcc/arm-none-eabi/13.3.1/../../../../arm-none-eabi/lib/thumb/v7-m/nofp\libc_nano.a(libc_a-fwalk.o)
 .debug_frame   0x00000178       0x88 C:/ST/STM32CubeCLT_1.18.0/GNU-tools-for-STM32/bin/../lib/gcc/arm-none-eabi/13.3.1/../../../../arm-none-eabi/lib/thumb/v7-m/nofp\libc_nano.a(libc_a-stdio.o)
 .debug_frame   0x00000200       0x20 C:/ST/STM32CubeCLT_1.18.0/GNU-tools-for-STM32/bin/../lib/gcc/arm-none-eabi/13.3.1/../../../../arm-none-eabi/lib/thumb/v7-m/nofp\libc_nano.a(libc_a-memset.o)
 .debug_frame   0x00000220       0x2c C:/ST/STM32CubeCLT_1.18.0/GNU-tools-for-STM32/bin/../lib/gcc/arm-none-eabi/13.3.1/../../../../arm-none-eabi/lib/thumb/v7-m/nofp\libc_nano.a(libc_a-closer.o)
 .debug_frame   0x0000024c       0x38 C:/ST/STM32CubeCLT_1.18.0/GNU-tools-for-STM32/bin/../lib/gcc/arm-none-eabi/13.3.1/../../../../arm-none-eabi/lib/thumb/v7-m/nofp\libc_nano.a(libc_a-reent.o)
 .debug_frame   0x00000284       0x2c C:/ST/STM32CubeCLT_1.18.0/GNU-tools-for-STM32/bin/../lib/gcc/arm-none-eabi/13.3.1/../../../../arm-none-eabi/lib/thumb/v7-m/nofp\libc_nano.a(libc_a-lseekr.o)
 .debug_frame   0x000002b0       0x2c C:/ST/STM32CubeCLT_1.18.0/GNU-tools-for-STM32/bin/../lib/gcc/arm-none-eabi/13.3.1/../../../../arm-none-eabi/lib/thumb/v7-m/nofp\libc_nano.a(libc_a-readr.o)
 .debug_frame   0x000002dc       0x2c C:/ST/STM32CubeCLT_1.18.0/GNU-tools-for-STM32/bin/../lib/gcc/arm-none-eabi/13.3.1/../../../../arm-none-eabi/lib/thumb/v7-m/nofp\libc_nano.a(libc_a-writer.o)
 .debug_frame   0x00000308       0x2c C:/ST/STM32CubeCLT_1.18.0/GNU-tools-for-STM32/bin/../lib/gcc/arm-none-eabi/13.3.1/../../../../arm-none-eabi/lib/thumb/v7-m/nofp\libc_nano.a(libc_a-init.o)
 .debug_frame   0x00000334       0xb0 C:/ST/STM32CubeCLT_1.18.0/GNU-tools-for-STM32/bin/../lib/gcc/arm-none-eabi/13.3.1/../../../../arm-none-eabi/lib/thumb/v7-m/nofp\libc_nano.a(libc_a-lock.o)
 .debug_frame   0x000003e4       0x38 C:/ST/STM32CubeCLT_1.18.0/GNU-tools-for-STM32/bin/../lib/gcc/arm-none-eabi/13.3.1/../../../../arm-none-eabi/lib/thumb/v7-m/nofp\libc_nano.a(libc_a-freer.o)
 .debug_frame   0x0000041c       0x50 C:/ST/STM32CubeCLT_1.18.0/GNU-tools-for-STM32/bin/../lib/gcc/arm-none-eabi/13.3.1/../../../../arm-none-eabi/lib/thumb/v7-m/nofp\libc_nano.a(libc_a-mallocr.o)
 .debug_frame   0x0000046c       0x30 C:/ST/STM32CubeCLT_1.18.0/GNU-tools-for-STM32/bin/../lib/gcc/arm-none-eabi/13.3.1/../../../../arm-none-eabi/lib/thumb/v7-m/nofp\libc_nano.a(libc_a-mlock.o)
 .debug_frame   0x0000049c       0x5c C:/ST/STM32CubeCLT_1.18.0/GNU-tools-for-STM32/bin/../lib/gcc/arm-none-eabi/13.3.1/../../../../arm-none-eabi/lib/thumb/v7-m/nofp\libc_nano.a(libc_a-fflush.o)
 .debug_frame   0x000004f8       0x2c C:/ST/STM32CubeCLT_1.18.0/GNU-tools-for-STM32/bin/../lib/gcc/arm-none-eabi/13.3.1/../../../../arm-none-eabi/lib/thumb/v7-m/nofp\libc_nano.a(libc_a-sbrkr.o)
 .debug_frame   0x00000524       0x58 cmake/stm32cubemx/CMakeFiles/STM32_Drivers.dir/__/__/Core/Src/system_stm32f1xx.c.obj
 .debug_frame   0x0000057c      0x214 CMakeFiles/SNAKE.dir/Core/Src/main.c.obj
 .debug_frame   0x00000790       0xa8 CMakeFiles/SNAKE.dir/Core/Src/stm32f1xx_it.c.obj
 .debug_frame   0x00000838       0x34 CMakeFiles/SNAKE.dir/Core/Src/sysmem.c.obj
 .debug_frame   0x0000086c      0x2ac CMakeFiles/SNAKE.dir/Core/Src/syscalls.c.obj
 .debug_frame   0x00000b18      0x168 CMakeFiles/SNAKE.dir/Core/LIB/TFT.c.obj
 .debug_frame   0x00000c80      0x170 CMakeFiles/SNAKE.dir/Core/DRIVER/RCC.c.obj
 .debug_frame   0x00000df0       0x88 CMakeFiles/SNAKE.dir/Core/DRIVER/GPIO.c.obj
 .debug_frame   0x00000e78       0x78 CMakeFiles/SNAKE.dir/Core/DRIVER/TIM.c.obj
 .debug_frame   0x00000ef0       0x50 CMakeFiles/SNAKE.dir/Core/DRIVER/SPI.c.obj
 .debug_frame   0x00000f40      0x7c8 CMakeFiles/SNAKE.dir/Core/freertos/tasks.c.obj
 .debug_frame   0x00001708       0xd8 CMakeFiles/SNAKE.dir/Core/freertos/list.c.obj
 .debug_frame   0x000017e0      0x154 CMakeFiles/SNAKE.dir/Core/freertos/port.c.obj
 .debug_frame   0x00001934      0x1a8 CMakeFiles/SNAKE.dir/Core/freertos/event_groups.c.obj
 .debug_frame   0x00001adc      0x108 CMakeFiles/SNAKE.dir/Core/freertos/heap_4.c.obj
 .debug_frame   0x00001be4      0x420 CMakeFiles/SNAKE.dir/Core/freertos/queue.c.obj
 .debug_frame   0x00002004       0x44 C:/ST/STM32CubeCLT_1.18.0/GNU-tools-for-STM32/bin/../lib/gcc/arm-none-eabi/13.3.1/../../../../arm-none-eabi/lib/thumb/v7-m/nofp\libg_nano.a(libc_a-rand.o)
 .debug_frame   0x00002048       0x20 C:/ST/STM32CubeCLT_1.18.0/GNU-tools-for-STM32/bin/../lib/gcc/arm-none-eabi/13.3.1/../../../../arm-none-eabi/lib/thumb/v7-m/nofp\libg_nano.a(libc_a-errno.o)
 .debug_frame   0x00002068       0x28 C:/ST/STM32CubeCLT_1.18.0/GNU-tools-for-STM32/bin/../lib/gcc/arm-none-eabi/13.3.1/../../../../arm-none-eabi/lib/thumb/v7-m/nofp\libg_nano.a(libc_a-memcpy-stub.o)
 .debug_frame   0x00002090       0x40 C:/ST/STM32CubeCLT_1.18.0/GNU-tools-for-STM32/bin/../lib/gcc/arm-none-eabi/13.3.1/../../../../arm-none-eabi/lib/thumb/v7-m/nofp\libg_nano.a(libc_a-assert.o)
 .debug_frame   0x000020d0       0x30 C:/ST/STM32CubeCLT_1.18.0/GNU-tools-for-STM32/bin/../lib/gcc/arm-none-eabi/13.3.1/../../../../arm-none-eabi/lib/thumb/v7-m/nofp\libg_nano.a(libc_a-malloc.o)
 .debug_frame   0x00002100       0x64 C:/ST/STM32CubeCLT_1.18.0/GNU-tools-for-STM32/bin/../lib/gcc/arm-none-eabi/13.3.1/../../../../arm-none-eabi/lib/thumb/v7-m/nofp\libg_nano.a(libc_a-fprintf.o)
 .debug_frame   0x00002164       0x28 C:/ST/STM32CubeCLT_1.18.0/GNU-tools-for-STM32/bin/../lib/gcc/arm-none-eabi/13.3.1/../../../../arm-none-eabi/lib/thumb/v7-m/nofp\libg_nano.a(libc_a-abort.o)
 .debug_frame   0x0000218c       0xa8 C:/ST/STM32CubeCLT_1.18.0/GNU-tools-for-STM32/bin/../lib/gcc/arm-none-eabi/13.3.1/../../../../arm-none-eabi/lib/thumb/v7-m/nofp\libg_nano.a(libc_a-nano-vfprintf.o)
 .debug_frame   0x00002234       0x60 C:/ST/STM32CubeCLT_1.18.0/GNU-tools-for-STM32/bin/../lib/gcc/arm-none-eabi/13.3.1/../../../../arm-none-eabi/lib/thumb/v7-m/nofp\libg_nano.a(libc_a-nano-vfprintf_i.o)
 .debug_frame   0x00002294       0x40 C:/ST/STM32CubeCLT_1.18.0/GNU-tools-for-STM32/bin/../lib/gcc/arm-none-eabi/13.3.1/../../../../arm-none-eabi/lib/thumb/v7-m/nofp\libg_nano.a(libc_a-wbuf.o)
 .debug_frame   0x000022d4       0x2c C:/ST/STM32CubeCLT_1.18.0/GNU-tools-for-STM32/bin/../lib/gcc/arm-none-eabi/13.3.1/../../../../arm-none-eabi/lib/thumb/v7-m/nofp\libg_nano.a(libc_a-wsetup.o)
 .debug_frame   0x00002300       0xcc C:/ST/STM32CubeCLT_1.18.0/GNU-tools-for-STM32/bin/../lib/gcc/arm-none-eabi/13.3.1/../../../../arm-none-eabi/lib/thumb/v7-m/nofp\libg_nano.a(libc_a-signal.o)
 .debug_frame   0x000023cc       0x3c C:/ST/STM32CubeCLT_1.18.0/GNU-tools-for-STM32/bin/../lib/gcc/arm-none-eabi/13.3.1/../../../../arm-none-eabi/lib/thumb/v7-m/nofp\libg_nano.a(libc_a-signalr.o)
 .debug_frame   0x00002408       0x28 C:/ST/STM32CubeCLT_1.18.0/GNU-tools-for-STM32/bin/../lib/gcc/arm-none-eabi/13.3.1/../../../../arm-none-eabi/lib/thumb/v7-m/nofp\libg_nano.a(libc_a-memchr-stub.o)
 .debug_frame   0x00002430       0x58 C:/ST/STM32CubeCLT_1.18.0/GNU-tools-for-STM32/bin/../lib/gcc/arm-none-eabi/13.3.1/../../../../arm-none-eabi/lib/thumb/v7-m/nofp\libg_nano.a(libc_a-makebuf.o)
 .debug_frame   0x00002488       0x2c C:/ST/STM32CubeCLT_1.18.0/GNU-tools-for-STM32/bin/../lib/gcc/arm-none-eabi/13.3.1/../../../../arm-none-eabi/lib/thumb/v7-m/nofp\libg_nano.a(libc_a-fstatr.o)
 .debug_frame   0x000024b4       0x2c C:/ST/STM32CubeCLT_1.18.0/GNU-tools-for-STM32/bin/../lib/gcc/arm-none-eabi/13.3.1/../../../../arm-none-eabi/lib/thumb/v7-m/nofp\libg_nano.a(libc_a-isattyr.o)

.debug_info     0x00000000    0x10627
 .debug_info    0x00000000      0x222 cmake/stm32cubemx/CMakeFiles/STM32_Drivers.dir/__/__/Core/Src/system_stm32f1xx.c.obj
 .debug_info    0x00000222      0xeb4 CMakeFiles/SNAKE.dir/Core/Src/main.c.obj
 .debug_info    0x000010d6      0x123 CMakeFiles/SNAKE.dir/Core/Src/stm32f1xx_it.c.obj
 .debug_info    0x000011f9      0x168 CMakeFiles/SNAKE.dir/Core/Src/sysmem.c.obj
 .debug_info    0x00001361      0x6a3 CMakeFiles/SNAKE.dir/Core/Src/syscalls.c.obj
 .debug_info    0x00001a04       0x30 CMakeFiles/SNAKE.dir/startup_stm32f103xb.s.obj
 .debug_info    0x00001a34      0xb7d CMakeFiles/SNAKE.dir/Core/LIB/TFT.c.obj
 .debug_info    0x000025b1      0x12a CMakeFiles/SNAKE.dir/Core/LIB/FONT.c.obj
 .debug_info    0x000026db      0xcbe CMakeFiles/SNAKE.dir/Core/DRIVER/RCC.c.obj
 .debug_info    0x00003399      0x920 CMakeFiles/SNAKE.dir/Core/DRIVER/GPIO.c.obj
 .debug_info    0x00003cb9       0xce CMakeFiles/SNAKE.dir/Core/DRIVER/TIM.c.obj
 .debug_info    0x00003d87      0x8cc CMakeFiles/SNAKE.dir/Core/DRIVER/SPI.c.obj
 .debug_info    0x00004653     0x190d CMakeFiles/SNAKE.dir/Core/freertos/tasks.c.obj
 .debug_info    0x00005f60      0x2a5 CMakeFiles/SNAKE.dir/Core/freertos/list.c.obj
 .debug_info    0x00006205      0x2cc CMakeFiles/SNAKE.dir/Core/freertos/port.c.obj
 .debug_info    0x000064d1      0x7a8 CMakeFiles/SNAKE.dir/Core/freertos/event_groups.c.obj
 .debug_info    0x00006c79      0x309 CMakeFiles/SNAKE.dir/Core/freertos/heap_4.c.obj
 .debug_info    0x00006f82      0xf63 CMakeFiles/SNAKE.dir/Core/freertos/queue.c.obj
 .debug_info    0x00007ee5      0x867 C:/ST/STM32CubeCLT_1.18.0/GNU-tools-for-STM32/bin/../lib/gcc/arm-none-eabi/13.3.1/../../../../arm-none-eabi/lib/thumb/v7-m/nofp\libg_nano.a(libc_a-rand.o)
 .debug_info    0x0000874c      0x6fb C:/ST/STM32CubeCLT_1.18.0/GNU-tools-for-STM32/bin/../lib/gcc/arm-none-eabi/13.3.1/../../../../arm-none-eabi/lib/thumb/v7-m/nofp\libg_nano.a(libc_a-errno.o)
 .debug_info    0x00008e47      0x121 C:/ST/STM32CubeCLT_1.18.0/GNU-tools-for-STM32/bin/../lib/gcc/arm-none-eabi/13.3.1/../../../../arm-none-eabi/lib/thumb/v7-m/nofp\libg_nano.a(libc_a-memcpy-stub.o)
 .debug_info    0x00008f68      0x836 C:/ST/STM32CubeCLT_1.18.0/GNU-tools-for-STM32/bin/../lib/gcc/arm-none-eabi/13.3.1/../../../../arm-none-eabi/lib/thumb/v7-m/nofp\libg_nano.a(libc_a-assert.o)
 .debug_info    0x0000979e      0x7a0 C:/ST/STM32CubeCLT_1.18.0/GNU-tools-for-STM32/bin/../lib/gcc/arm-none-eabi/13.3.1/../../../../arm-none-eabi/lib/thumb/v7-m/nofp\libg_nano.a(libc_a-malloc.o)
 .debug_info    0x00009f3e      0x867 C:/ST/STM32CubeCLT_1.18.0/GNU-tools-for-STM32/bin/../lib/gcc/arm-none-eabi/13.3.1/../../../../arm-none-eabi/lib/thumb/v7-m/nofp\libg_nano.a(libc_a-fprintf.o)
 .debug_info    0x0000a7a5       0xd8 C:/ST/STM32CubeCLT_1.18.0/GNU-tools-for-STM32/bin/../lib/gcc/arm-none-eabi/13.3.1/../../../../arm-none-eabi/lib/thumb/v7-m/nofp\libg_nano.a(libc_a-abort.o)
 .debug_info    0x0000a87d     0x1094 C:/ST/STM32CubeCLT_1.18.0/GNU-tools-for-STM32/bin/../lib/gcc/arm-none-eabi/13.3.1/../../../../arm-none-eabi/lib/thumb/v7-m/nofp\libg_nano.a(libc_a-nano-vfprintf.o)
 .debug_info    0x0000b911      0xde2 C:/ST/STM32CubeCLT_1.18.0/GNU-tools-for-STM32/bin/../lib/gcc/arm-none-eabi/13.3.1/../../../../arm-none-eabi/lib/thumb/v7-m/nofp\libg_nano.a(libc_a-nano-vfprintf_i.o)
 .debug_info    0x0000c6f3      0x874 C:/ST/STM32CubeCLT_1.18.0/GNU-tools-for-STM32/bin/../lib/gcc/arm-none-eabi/13.3.1/../../../../arm-none-eabi/lib/thumb/v7-m/nofp\libg_nano.a(libc_a-wbuf.o)
 .debug_info    0x0000cf67      0x7bb C:/ST/STM32CubeCLT_1.18.0/GNU-tools-for-STM32/bin/../lib/gcc/arm-none-eabi/13.3.1/../../../../arm-none-eabi/lib/thumb/v7-m/nofp\libg_nano.a(libc_a-wsetup.o)
 .debug_info    0x0000d722      0xa13 C:/ST/STM32CubeCLT_1.18.0/GNU-tools-for-STM32/bin/../lib/gcc/arm-none-eabi/13.3.1/../../../../arm-none-eabi/lib/thumb/v7-m/nofp\libg_nano.a(libc_a-signal.o)
 .debug_info    0x0000e135      0x7ea C:/ST/STM32CubeCLT_1.18.0/GNU-tools-for-STM32/bin/../lib/gcc/arm-none-eabi/13.3.1/../../../../arm-none-eabi/lib/thumb/v7-m/nofp\libg_nano.a(libc_a-signalr.o)
 .debug_info    0x0000e91f      0x110 C:/ST/STM32CubeCLT_1.18.0/GNU-tools-for-STM32/bin/../lib/gcc/arm-none-eabi/13.3.1/../../../../arm-none-eabi/lib/thumb/v7-m/nofp\libg_nano.a(libc_a-memchr-stub.o)
 .debug_info    0x0000ea2f      0xb1a C:/ST/STM32CubeCLT_1.18.0/GNU-tools-for-STM32/bin/../lib/gcc/arm-none-eabi/13.3.1/../../../../arm-none-eabi/lib/thumb/v7-m/nofp\libg_nano.a(libc_a-makebuf.o)
 .debug_info    0x0000f549      0x981 C:/ST/STM32CubeCLT_1.18.0/GNU-tools-for-STM32/bin/../lib/gcc/arm-none-eabi/13.3.1/../../../../arm-none-eabi/lib/thumb/v7-m/nofp\libg_nano.a(libc_a-fstatr.o)
 .debug_info    0x0000feca      0x75d C:/ST/STM32CubeCLT_1.18.0/GNU-tools-for-STM32/bin/../lib/gcc/arm-none-eabi/13.3.1/../../../../arm-none-eabi/lib/thumb/v7-m/nofp\libg_nano.a(libc_a-isattyr.o)

.debug_abbrev   0x00000000     0x3a28
 .debug_abbrev  0x00000000      0x13f cmake/stm32cubemx/CMakeFiles/STM32_Drivers.dir/__/__/Core/Src/system_stm32f1xx.c.obj
 .debug_abbrev  0x0000013f      0x2bd CMakeFiles/SNAKE.dir/Core/Src/main.c.obj
 .debug_abbrev  0x000003fc       0x80 CMakeFiles/SNAKE.dir/Core/Src/stm32f1xx_it.c.obj
 .debug_abbrev  0x0000047c       0xbc CMakeFiles/SNAKE.dir/Core/Src/sysmem.c.obj
 .debug_abbrev  0x00000538      0x1b6 CMakeFiles/SNAKE.dir/Core/Src/syscalls.c.obj
 .debug_abbrev  0x000006ee       0x24 CMakeFiles/SNAKE.dir/startup_stm32f103xb.s.obj
 .debug_abbrev  0x00000712      0x1a9 CMakeFiles/SNAKE.dir/Core/LIB/TFT.c.obj
 .debug_abbrev  0x000008bb       0xad CMakeFiles/SNAKE.dir/Core/LIB/FONT.c.obj
 .debug_abbrev  0x00000968       0xeb CMakeFiles/SNAKE.dir/Core/DRIVER/RCC.c.obj
 .debug_abbrev  0x00000a53      0x167 CMakeFiles/SNAKE.dir/Core/DRIVER/GPIO.c.obj
 .debug_abbrev  0x00000bba       0x82 CMakeFiles/SNAKE.dir/Core/DRIVER/TIM.c.obj
 .debug_abbrev  0x00000c3c      0x153 CMakeFiles/SNAKE.dir/Core/DRIVER/SPI.c.obj
 .debug_abbrev  0x00000d8f      0x398 CMakeFiles/SNAKE.dir/Core/freertos/tasks.c.obj
 .debug_abbrev  0x00001127       0xee CMakeFiles/SNAKE.dir/Core/freertos/list.c.obj
 .debug_abbrev  0x00001215      0x1f3 CMakeFiles/SNAKE.dir/Core/freertos/port.c.obj
 .debug_abbrev  0x00001408      0x275 CMakeFiles/SNAKE.dir/Core/freertos/event_groups.c.obj
 .debug_abbrev  0x0000167d      0x1a1 CMakeFiles/SNAKE.dir/Core/freertos/heap_4.c.obj
 .debug_abbrev  0x0000181e      0x2b3 CMakeFiles/SNAKE.dir/Core/freertos/queue.c.obj
 .debug_abbrev  0x00001ad1      0x219 C:/ST/STM32CubeCLT_1.18.0/GNU-tools-for-STM32/bin/../lib/gcc/arm-none-eabi/13.3.1/../../../../arm-none-eabi/lib/thumb/v7-m/nofp\libg_nano.a(libc_a-rand.o)
 .debug_abbrev  0x00001cea      0x15e C:/ST/STM32CubeCLT_1.18.0/GNU-tools-for-STM32/bin/../lib/gcc/arm-none-eabi/13.3.1/../../../../arm-none-eabi/lib/thumb/v7-m/nofp\libg_nano.a(libc_a-errno.o)
 .debug_abbrev  0x00001e48       0xc1 C:/ST/STM32CubeCLT_1.18.0/GNU-tools-for-STM32/bin/../lib/gcc/arm-none-eabi/13.3.1/../../../../arm-none-eabi/lib/thumb/v7-m/nofp\libg_nano.a(libc_a-memcpy-stub.o)
 .debug_abbrev  0x00001f09      0x1ea C:/ST/STM32CubeCLT_1.18.0/GNU-tools-for-STM32/bin/../lib/gcc/arm-none-eabi/13.3.1/../../../../arm-none-eabi/lib/thumb/v7-m/nofp\libg_nano.a(libc_a-assert.o)
 .debug_abbrev  0x000020f3      0x1cf C:/ST/STM32CubeCLT_1.18.0/GNU-tools-for-STM32/bin/../lib/gcc/arm-none-eabi/13.3.1/../../../../arm-none-eabi/lib/thumb/v7-m/nofp\libg_nano.a(libc_a-malloc.o)
 .debug_abbrev  0x000022c2      0x21d C:/ST/STM32CubeCLT_1.18.0/GNU-tools-for-STM32/bin/../lib/gcc/arm-none-eabi/13.3.1/../../../../arm-none-eabi/lib/thumb/v7-m/nofp\libg_nano.a(libc_a-fprintf.o)
 .debug_abbrev  0x000024df       0x99 C:/ST/STM32CubeCLT_1.18.0/GNU-tools-for-STM32/bin/../lib/gcc/arm-none-eabi/13.3.1/../../../../arm-none-eabi/lib/thumb/v7-m/nofp\libg_nano.a(libc_a-abort.o)
 .debug_abbrev  0x00002578      0x316 C:/ST/STM32CubeCLT_1.18.0/GNU-tools-for-STM32/bin/../lib/gcc/arm-none-eabi/13.3.1/../../../../arm-none-eabi/lib/thumb/v7-m/nofp\libg_nano.a(libc_a-nano-vfprintf.o)
 .debug_abbrev  0x0000288e      0x28e C:/ST/STM32CubeCLT_1.18.0/GNU-tools-for-STM32/bin/../lib/gcc/arm-none-eabi/13.3.1/../../../../arm-none-eabi/lib/thumb/v7-m/nofp\libg_nano.a(libc_a-nano-vfprintf_i.o)
 .debug_abbrev  0x00002b1c      0x22d C:/ST/STM32CubeCLT_1.18.0/GNU-tools-for-STM32/bin/../lib/gcc/arm-none-eabi/13.3.1/../../../../arm-none-eabi/lib/thumb/v7-m/nofp\libg_nano.a(libc_a-wbuf.o)
 .debug_abbrev  0x00002d49      0x1e2 C:/ST/STM32CubeCLT_1.18.0/GNU-tools-for-STM32/bin/../lib/gcc/arm-none-eabi/13.3.1/../../../../arm-none-eabi/lib/thumb/v7-m/nofp\libg_nano.a(libc_a-wsetup.o)
 .debug_abbrev  0x00002f2b      0x24e C:/ST/STM32CubeCLT_1.18.0/GNU-tools-for-STM32/bin/../lib/gcc/arm-none-eabi/13.3.1/../../../../arm-none-eabi/lib/thumb/v7-m/nofp\libg_nano.a(libc_a-signal.o)
 .debug_abbrev  0x00003179      0x1fd C:/ST/STM32CubeCLT_1.18.0/GNU-tools-for-STM32/bin/../lib/gcc/arm-none-eabi/13.3.1/../../../../arm-none-eabi/lib/thumb/v7-m/nofp\libg_nano.a(libc_a-signalr.o)
 .debug_abbrev  0x00003376       0xb1 C:/ST/STM32CubeCLT_1.18.0/GNU-tools-for-STM32/bin/../lib/gcc/arm-none-eabi/13.3.1/../../../../arm-none-eabi/lib/thumb/v7-m/nofp\libg_nano.a(libc_a-memchr-stub.o)
 .debug_abbrev  0x00003427      0x28e C:/ST/STM32CubeCLT_1.18.0/GNU-tools-for-STM32/bin/../lib/gcc/arm-none-eabi/13.3.1/../../../../arm-none-eabi/lib/thumb/v7-m/nofp\libg_nano.a(libc_a-makebuf.o)
 .debug_abbrev  0x000036b5      0x1c3 C:/ST/STM32CubeCLT_1.18.0/GNU-tools-for-STM32/bin/../lib/gcc/arm-none-eabi/13.3.1/../../../../arm-none-eabi/lib/thumb/v7-m/nofp\libg_nano.a(libc_a-fstatr.o)
 .debug_abbrev  0x00003878      0x1b0 C:/ST/STM32CubeCLT_1.18.0/GNU-tools-for-STM32/bin/../lib/gcc/arm-none-eabi/13.3.1/../../../../arm-none-eabi/lib/thumb/v7-m/nofp\libg_nano.a(libc_a-isattyr.o)

.debug_aranges  0x00000000      0xa50
 .debug_aranges
                0x00000000       0x28 cmake/stm32cubemx/CMakeFiles/STM32_Drivers.dir/__/__/Core/Src/system_stm32f1xx.c.obj
 .debug_aranges
                0x00000028       0x98 CMakeFiles/SNAKE.dir/Core/Src/main.c.obj
 .debug_aranges
                0x000000c0       0x48 CMakeFiles/SNAKE.dir/Core/Src/stm32f1xx_it.c.obj
 .debug_aranges
                0x00000108       0x20 CMakeFiles/SNAKE.dir/Core/Src/sysmem.c.obj
 .debug_aranges
                0x00000128       0xa8 CMakeFiles/SNAKE.dir/Core/Src/syscalls.c.obj
 .debug_aranges
                0x000001d0       0x28 CMakeFiles/SNAKE.dir/startup_stm32f103xb.s.obj
 .debug_aranges
                0x000001f8       0x60 CMakeFiles/SNAKE.dir/Core/LIB/TFT.c.obj
 .debug_aranges
                0x00000258       0x18 CMakeFiles/SNAKE.dir/Core/LIB/FONT.c.obj
 .debug_aranges
                0x00000270       0x70 CMakeFiles/SNAKE.dir/Core/DRIVER/RCC.c.obj
 .debug_aranges
                0x000002e0       0x30 CMakeFiles/SNAKE.dir/Core/DRIVER/GPIO.c.obj
 .debug_aranges
                0x00000310       0x30 CMakeFiles/SNAKE.dir/Core/DRIVER/TIM.c.obj
 .debug_aranges
                0x00000340       0x28 CMakeFiles/SNAKE.dir/Core/DRIVER/SPI.c.obj
 .debug_aranges
                0x00000368      0x1c8 CMakeFiles/SNAKE.dir/Core/freertos/tasks.c.obj
 .debug_aranges
                0x00000530       0x40 CMakeFiles/SNAKE.dir/Core/freertos/list.c.obj
 .debug_aranges
                0x00000570       0x70 CMakeFiles/SNAKE.dir/Core/freertos/port.c.obj
 .debug_aranges
                0x000005e0       0x70 CMakeFiles/SNAKE.dir/Core/freertos/event_groups.c.obj
 .debug_aranges
                0x00000650       0x50 CMakeFiles/SNAKE.dir/Core/freertos/heap_4.c.obj
 .debug_aranges
                0x000006a0       0xf8 CMakeFiles/SNAKE.dir/Core/freertos/queue.c.obj
 .debug_aranges
                0x00000798       0x28 C:/ST/STM32CubeCLT_1.18.0/GNU-tools-for-STM32/bin/../lib/gcc/arm-none-eabi/13.3.1/../../../../arm-none-eabi/lib/thumb/v7-m/nofp\libg_nano.a(libc_a-rand.o)
 .debug_aranges
                0x000007c0       0x20 C:/ST/STM32CubeCLT_1.18.0/GNU-tools-for-STM32/bin/../lib/gcc/arm-none-eabi/13.3.1/../../../../arm-none-eabi/lib/thumb/v7-m/nofp\libg_nano.a(libc_a-errno.o)
 .debug_aranges
                0x000007e0       0x20 C:/ST/STM32CubeCLT_1.18.0/GNU-tools-for-STM32/bin/../lib/gcc/arm-none-eabi/13.3.1/../../../../arm-none-eabi/lib/thumb/v7-m/nofp\libg_nano.a(libc_a-memcpy-stub.o)
 .debug_aranges
                0x00000800       0x28 C:/ST/STM32CubeCLT_1.18.0/GNU-tools-for-STM32/bin/../lib/gcc/arm-none-eabi/13.3.1/../../../../arm-none-eabi/lib/thumb/v7-m/nofp\libg_nano.a(libc_a-assert.o)
 .debug_aranges
                0x00000828       0x28 C:/ST/STM32CubeCLT_1.18.0/GNU-tools-for-STM32/bin/../lib/gcc/arm-none-eabi/13.3.1/../../../../arm-none-eabi/lib/thumb/v7-m/nofp\libg_nano.a(libc_a-malloc.o)
 .debug_aranges
                0x00000850       0x28 C:/ST/STM32CubeCLT_1.18.0/GNU-tools-for-STM32/bin/../lib/gcc/arm-none-eabi/13.3.1/../../../../arm-none-eabi/lib/thumb/v7-m/nofp\libg_nano.a(libc_a-fprintf.o)
 .debug_aranges
                0x00000878       0x20 C:/ST/STM32CubeCLT_1.18.0/GNU-tools-for-STM32/bin/../lib/gcc/arm-none-eabi/13.3.1/../../../../arm-none-eabi/lib/thumb/v7-m/nofp\libg_nano.a(libc_a-abort.o)
 .debug_aranges
                0x00000898       0x40 C:/ST/STM32CubeCLT_1.18.0/GNU-tools-for-STM32/bin/../lib/gcc/arm-none-eabi/13.3.1/../../../../arm-none-eabi/lib/thumb/v7-m/nofp\libg_nano.a(libc_a-nano-vfprintf.o)
 .debug_aranges
                0x000008d8       0x28 C:/ST/STM32CubeCLT_1.18.0/GNU-tools-for-STM32/bin/../lib/gcc/arm-none-eabi/13.3.1/../../../../arm-none-eabi/lib/thumb/v7-m/nofp\libg_nano.a(libc_a-nano-vfprintf_i.o)
 .debug_aranges
                0x00000900       0x28 C:/ST/STM32CubeCLT_1.18.0/GNU-tools-for-STM32/bin/../lib/gcc/arm-none-eabi/13.3.1/../../../../arm-none-eabi/lib/thumb/v7-m/nofp\libg_nano.a(libc_a-wbuf.o)
 .debug_aranges
                0x00000928       0x20 C:/ST/STM32CubeCLT_1.18.0/GNU-tools-for-STM32/bin/../lib/gcc/arm-none-eabi/13.3.1/../../../../arm-none-eabi/lib/thumb/v7-m/nofp\libg_nano.a(libc_a-wsetup.o)
 .debug_aranges
                0x00000948       0x58 C:/ST/STM32CubeCLT_1.18.0/GNU-tools-for-STM32/bin/../lib/gcc/arm-none-eabi/13.3.1/../../../../arm-none-eabi/lib/thumb/v7-m/nofp\libg_nano.a(libc_a-signal.o)
 .debug_aranges
                0x000009a0       0x28 C:/ST/STM32CubeCLT_1.18.0/GNU-tools-for-STM32/bin/../lib/gcc/arm-none-eabi/13.3.1/../../../../arm-none-eabi/lib/thumb/v7-m/nofp\libg_nano.a(libc_a-signalr.o)
 .debug_aranges
                0x000009c8       0x20 C:/ST/STM32CubeCLT_1.18.0/GNU-tools-for-STM32/bin/../lib/gcc/arm-none-eabi/13.3.1/../../../../arm-none-eabi/lib/thumb/v7-m/nofp\libg_nano.a(libc_a-memchr-stub.o)
 .debug_aranges
                0x000009e8       0x28 C:/ST/STM32CubeCLT_1.18.0/GNU-tools-for-STM32/bin/../lib/gcc/arm-none-eabi/13.3.1/../../../../arm-none-eabi/lib/thumb/v7-m/nofp\libg_nano.a(libc_a-makebuf.o)
 .debug_aranges
                0x00000a10       0x20 C:/ST/STM32CubeCLT_1.18.0/GNU-tools-for-STM32/bin/../lib/gcc/arm-none-eabi/13.3.1/../../../../arm-none-eabi/lib/thumb/v7-m/nofp\libg_nano.a(libc_a-fstatr.o)
 .debug_aranges
                0x00000a30       0x20 C:/ST/STM32CubeCLT_1.18.0/GNU-tools-for-STM32/bin/../lib/gcc/arm-none-eabi/13.3.1/../../../../arm-none-eabi/lib/thumb/v7-m/nofp\libg_nano.a(libc_a-isattyr.o)

.debug_rnglists
                0x00000000      0x7b8
 .debug_rnglists
                0x00000000       0x1a cmake/stm32cubemx/CMakeFiles/STM32_Drivers.dir/__/__/Core/Src/system_stm32f1xx.c.obj
 .debug_rnglists
                0x0000001a       0x72 CMakeFiles/SNAKE.dir/Core/Src/main.c.obj
 .debug_rnglists
                0x0000008c       0x31 CMakeFiles/SNAKE.dir/Core/Src/stm32f1xx_it.c.obj
 .debug_rnglists
                0x000000bd       0x13 CMakeFiles/SNAKE.dir/Core/Src/sysmem.c.obj
 .debug_rnglists
                0x000000d0       0x79 CMakeFiles/SNAKE.dir/Core/Src/syscalls.c.obj
 .debug_rnglists
                0x00000149       0x19 CMakeFiles/SNAKE.dir/startup_stm32f103xb.s.obj
 .debug_rnglists
                0x00000162       0x45 CMakeFiles/SNAKE.dir/Core/LIB/TFT.c.obj
 .debug_rnglists
                0x000001a7       0x50 CMakeFiles/SNAKE.dir/Core/DRIVER/RCC.c.obj
 .debug_rnglists
                0x000001f7       0x20 CMakeFiles/SNAKE.dir/Core/DRIVER/GPIO.c.obj
 .debug_rnglists
                0x00000217       0x1f CMakeFiles/SNAKE.dir/Core/DRIVER/TIM.c.obj
 .debug_rnglists
                0x00000236       0x1a CMakeFiles/SNAKE.dir/Core/DRIVER/SPI.c.obj
 .debug_rnglists
                0x00000250      0x16d CMakeFiles/SNAKE.dir/Core/freertos/tasks.c.obj
 .debug_rnglists
                0x000003bd       0x2b CMakeFiles/SNAKE.dir/Core/freertos/list.c.obj
 .debug_rnglists
                0x000003e8       0x4f CMakeFiles/SNAKE.dir/Core/freertos/port.c.obj
 .debug_rnglists
                0x00000437       0x52 CMakeFiles/SNAKE.dir/Core/freertos/event_groups.c.obj
 .debug_rnglists
                0x00000489       0x3a CMakeFiles/SNAKE.dir/Core/freertos/heap_4.c.obj
 .debug_rnglists
                0x000004c3       0xbd CMakeFiles/SNAKE.dir/Core/freertos/queue.c.obj
 .debug_rnglists
                0x00000580       0x19 C:/ST/STM32CubeCLT_1.18.0/GNU-tools-for-STM32/bin/../lib/gcc/arm-none-eabi/13.3.1/../../../../arm-none-eabi/lib/thumb/v7-m/nofp\libg_nano.a(libc_a-rand.o)
 .debug_rnglists
                0x00000599       0x13 C:/ST/STM32CubeCLT_1.18.0/GNU-tools-for-STM32/bin/../lib/gcc/arm-none-eabi/13.3.1/../../../../arm-none-eabi/lib/thumb/v7-m/nofp\libg_nano.a(libc_a-errno.o)
 .debug_rnglists
                0x000005ac       0x13 C:/ST/STM32CubeCLT_1.18.0/GNU-tools-for-STM32/bin/../lib/gcc/arm-none-eabi/13.3.1/../../../../arm-none-eabi/lib/thumb/v7-m/nofp\libg_nano.a(libc_a-memcpy-stub.o)
 .debug_rnglists
                0x000005bf       0x19 C:/ST/STM32CubeCLT_1.18.0/GNU-tools-for-STM32/bin/../lib/gcc/arm-none-eabi/13.3.1/../../../../arm-none-eabi/lib/thumb/v7-m/nofp\libg_nano.a(libc_a-assert.o)
 .debug_rnglists
                0x000005d8       0x19 C:/ST/STM32CubeCLT_1.18.0/GNU-tools-for-STM32/bin/../lib/gcc/arm-none-eabi/13.3.1/../../../../arm-none-eabi/lib/thumb/v7-m/nofp\libg_nano.a(libc_a-malloc.o)
 .debug_rnglists
                0x000005f1       0x19 C:/ST/STM32CubeCLT_1.18.0/GNU-tools-for-STM32/bin/../lib/gcc/arm-none-eabi/13.3.1/../../../../arm-none-eabi/lib/thumb/v7-m/nofp\libg_nano.a(libc_a-fprintf.o)
 .debug_rnglists